Archive member included because of file (symbol)

libs/gcc/app_start.lib(gpio.o)
                              build\gcc\obj/custom/main.o (Ql_GPIO_Init)
libs/gcc/app_start.lib(memory.o)
                              build\gcc\obj/ril/src/ril_lwm2m.o (Ql_MEM_Alloc)
libs/gcc/app_start.lib(power.o)
                              build\gcc\obj/custom/proc_nfc_task.o (Ql_SleepEnable)
libs/gcc/app_start.lib(pwm.o)
                              build\gcc\obj/custom/main.o (Ql_PWM_Init)
libs/gcc/app_start.lib(ql_func.o)
                              libs/gcc/app_start.lib(memory.o) (api_notsup)
libs/gcc/app_start.lib(ql_main.o)
                              build\gcc\obj/ril/src/ril_atResponse.o (Ql_sscanf)
libs/gcc/app_start.lib(ril_aux.o)
                              build\gcc\obj/custom/config/sys_config.o (proc_reserved2)
libs/gcc/app_start.lib(ril_main.o)
                              build\gcc\obj/custom/main.o (Ql_RIL_Initialize)
libs/gcc/app_start.lib(rtc.o)
                              build\gcc\obj/custom/main.o (Ql_Psm_Eint_Register)
libs/gcc/app_start.lib(spi.o)
                              build\gcc\obj/custom/proc_nfc_task.o (Ql_SPI_Init)
libs/gcc/app_start.lib(stdlib_func.o)
                              build\gcc\obj/custom/at_command_mtcfg.o (Ql_strcpy)
libs/gcc/app_start.lib(system.o)
                              build\gcc\obj/drivers/nfc/si522.o (Ql_Sleep)
libs/gcc/app_start.lib(taskMngt.o)
                              build\gcc\obj/custom/main.o (Ql_OS_GetMessage)
libs/gcc/app_start.lib(time.o)
                              build\gcc\obj/custom/proc_mqtt_task.o (Ql_GetLocalTime)
libs/gcc/app_start.lib(timer.o)
                              build\gcc\obj/custom/main.o (Ql_Timer_Register)
libs/gcc/app_start.lib(uart.o)
                              build\gcc\obj/custom/main.o (Ql_UART_Register)
libs/gcc/app_start.lib(ocpu_init.o)
                              libs/gcc/app_start.lib(ql_main.o) (_OCPU_InitUserMem)
tools\gcc\win\gcc-arm-none-eabi/arm-none-eabi/lib/armv7e-m/fpu/libc.a(lib_a-atoi.o)
                              build\gcc\obj/ril/src/ril_system.o (atoi)
tools\gcc\win\gcc-arm-none-eabi/arm-none-eabi/lib/armv7e-m/fpu/libc.a(lib_a-memcpy.o)
                              build\gcc\obj/ril/src/ril_system.o (memcpy)
tools\gcc\win\gcc-arm-none-eabi/arm-none-eabi/lib/armv7e-m/fpu/libc.a(lib_a-memset.o)
                              build\gcc\obj/custom/at_command_mtcfg.o (memset)
tools\gcc\win\gcc-arm-none-eabi/arm-none-eabi/lib/armv7e-m/fpu/libc.a(lib_a-strchr.o)
                              build\gcc\obj/ril/src/ril_system.o (strchr)
tools\gcc\win\gcc-arm-none-eabi/arm-none-eabi/lib/armv7e-m/fpu/libc.a(lib_a-strcpy.o)
                              build\gcc\obj/ril/src/ril_system.o (strcpy)
tools\gcc\win\gcc-arm-none-eabi/arm-none-eabi/lib/armv7e-m/fpu/libc.a(lib_a-strlen.o)
                              build\gcc\obj/ril/src/ril_system.o (strlen)
tools\gcc\win\gcc-arm-none-eabi/arm-none-eabi/lib/armv7e-m/fpu/libc.a(lib_a-strncpy.o)
                              build\gcc\obj/ril/src/ril_system.o (strncpy)
tools\gcc\win\gcc-arm-none-eabi/arm-none-eabi/lib/armv7e-m/fpu/libc.a(lib_a-strsep.o)
                              build\gcc\obj/ril/src/ril_system.o (strsep)
tools\gcc\win\gcc-arm-none-eabi/arm-none-eabi/lib/armv7e-m/fpu/libc.a(lib_a-strtok.o)
                              build\gcc\obj/ril/src/ril_system.o (strtok)
tools\gcc\win\gcc-arm-none-eabi/arm-none-eabi/lib/armv7e-m/fpu/libc.a(lib_a-strtok_r.o)
                              tools\gcc\win\gcc-arm-none-eabi/arm-none-eabi/lib/armv7e-m/fpu/libc.a(lib_a-strsep.o) (__strtok_r)
tools\gcc\win\gcc-arm-none-eabi/arm-none-eabi/lib/armv7e-m/fpu/libc.a(lib_a-strtol.o)
                              tools\gcc\win\gcc-arm-none-eabi/arm-none-eabi/lib/armv7e-m/fpu/libc.a(lib_a-atoi.o) (_strtol_r)
tools\gcc\win\gcc-arm-none-eabi/arm-none-eabi/lib/armv7e-m/fpu/libc.a(lib_a-ctype_.o)
                              tools\gcc\win\gcc-arm-none-eabi/arm-none-eabi/lib/armv7e-m/fpu/libc.a(lib_a-strtol.o) (__ctype_ptr__)
tools\gcc\win\gcc-arm-none-eabi/arm-none-eabi/lib/armv7e-m/fpu/libc.a(lib_a-impure.o)
                              tools\gcc\win\gcc-arm-none-eabi/arm-none-eabi/lib/armv7e-m/fpu/libc.a(lib_a-strtok.o) (_impure_ptr)

Discarded input sections

 .text          0x00000000        0x0 build\gcc\obj/custom/config/custom_sys_cfg.o
 .data          0x00000000        0x0 build\gcc\obj/custom/config/custom_sys_cfg.o
 .bss           0x00000000        0x0 build\gcc\obj/custom/config/custom_sys_cfg.o
 .text.Ql_WTD_GetWDIPinCfg
                0x00000000        0x8 build\gcc\obj/custom/config/custom_sys_cfg.o
 .text          0x00000000        0x0 build\gcc\obj/custom/config/sys_config.o
 .data          0x00000000        0x0 build\gcc\obj/custom/config/sys_config.o
 .bss           0x00000000        0x0 build\gcc\obj/custom/config/sys_config.o
 .text          0x00000000        0x0 build\gcc\obj/ril/src/ril_atResponse.o
[...]
Memory Configuration

Name             Origin             Length             Attributes
ROM              0x08292040         0x00032000         xr
RAM              0x001e7000         0x00019000         xrw
*default*        0x00000000         0xffffffff

Linker script and memory map

                0x08292040                . = 0x8292040

.initdata       0x08292040       0x2c
                0x08292040                . = ALIGN (0x4)
 *(.initdata)
 .initdata      0x08292040       0x2c libs/gcc/app_start.lib(ql_main.o)
                0x08292040                GADLENTRY

text            0x0829206c     0x5fa8
                0x0829206c                . = ALIGN (0x4)
 *(.text.*)
 .text.Ql_RIL_AT_SetErrCode
                0x0829206c        0xc build\gcc\obj/ril/src/ril_atResponse.o
                0x0829206c                Ql_RIL_AT_SetErrCode
 .text.Default_atRsp_callback
                0x08292078       0xec build\gcc\obj/ril/src/ril_atResponse.o
                0x08292078                Default_atRsp_callback
 .text.DFOTA_Analysis
                0x08292164      0x104 build\gcc\obj/ril/src/ril_dfota.o
                0x08292164                DFOTA_Analysis
 .text.Dfota_Upgrade_States
                0x08292268        0x2 build\gcc\obj/ril/src/ril_dfota.o
                0x08292268                Dfota_Upgrade_States
 .text.RIL_GetInitCmdCnt
                0x0829226a        0x4 build\gcc\obj/ril/src/ril_init.o
                0x0829226a                RIL_GetInitCmdCnt
 .text.RIL_GetLimitedCmdCnt
                0x0829226e        0x4 build\gcc\obj/ril/src/ril_init.o
                0x0829226e                RIL_GetLimitedCmdCnt
 *fill*         0x08292272        0x2 
 .text.ATResponse_Handler
                0x08292274       0x98 build\gcc\obj/ril/src/ril_mqtt.o
 .text.RIL_SOC_QMTOPEN_SET_RES
                0x0829230c       0x20 build\gcc\obj/ril/src/ril_mqtt.o
                0x0829230c                RIL_SOC_QMTOPEN_SET_RES
 .text.RIL_SOC_QMTCONN_SET_RES
                0x0829232c       0x20 build\gcc\obj/ril/src/ril_mqtt.o
                0x0829232c                RIL_SOC_QMTCONN_SET_RES
 .text.RIL_SOC_QMTCONN_SET_URC
                0x0829234c       0x20 build\gcc\obj/ril/src/ril_mqtt.o
                0x0829234c                RIL_SOC_QMTCONN_SET_URC
 .text.RIL_SOC_QMTPUB_SET_RES
                0x0829236c       0x20 build\gcc\obj/ril/src/ril_mqtt.o
                0x0829236c                RIL_SOC_QMTPUB_SET_RES
 .text.RIL_SOC_QMTSTAT_SET_URC
                0x0829238c        0xc build\gcc\obj/ril/src/ril_mqtt.o
                0x0829238c                RIL_SOC_QMTSTAT_SET_URC
 .text.RIL_SOC_QMTCLOSE_SET_RESP
                0x08292398       0x20 build\gcc\obj/ril/src/ril_mqtt.o
                0x08292398                RIL_SOC_QMTCLOSE_SET_RESP
 .text.RIL_SOC_QMTSUB_SET_RES
                0x082923b8       0x20 build\gcc\obj/ril/src/ril_mqtt.o
                0x082923b8                RIL_SOC_QMTSUB_SET_RES
 .text.RIL_SOC_QMTOPEN
                0x082923d8       0x74 build\gcc\obj/ril/src/ril_mqtt.o
                0x082923d8                RIL_SOC_QMTOPEN
 .text.RIL_SOC_QMTCFG
                0x0829244c       0xc8 build\gcc\obj/ril/src/ril_mqtt.o
                0x0829244c                RIL_SOC_QMTCFG
 .text.RIL_SOC_QMTCONN
                0x08292514       0x78 build\gcc\obj/ril/src/ril_mqtt.o
                0x08292514                RIL_SOC_QMTCONN
 .text.RIL_SOC_QMTPUB
                0x0829258c       0x74 build\gcc\obj/ril/src/ril_mqtt.o
                0x0829258c                RIL_SOC_QMTPUB
 .text.RIL_SOC_QMTCLOSE
                0x08292600       0x6c build\gcc\obj/ril/src/ril_mqtt.o
                0x08292600                RIL_SOC_QMTCLOSE
 .text.RIL_SOC_QMTSTAT
                0x0829266c       0x70 build\gcc\obj/ril/src/ril_mqtt.o
                0x0829266c                RIL_SOC_QMTSTAT
 .text.ATResponse_CEREG_Handler
                0x082926dc       0x84 build\gcc\obj/ril/src/ril_network.o
 .text.RIL_SIM_GetSimStateByName
                0x08292760       0xc8 build\gcc\obj/ril/src/ril_network.o
                0x08292760                RIL_SIM_GetSimStateByName
 .text.RIL_NW_GetEGPRSState
                0x08292828       0x4c build\gcc\obj/ril/src/ril_network.o
                0x08292828                RIL_NW_GetEGPRSState
 .text.ATRsp_IMEI_Handler
                0x08292874       0x88 build\gcc\obj/ril/src/ril_system.o
 .text.RIL_GetIMEI
                0x082928fc       0x4c build\gcc\obj/ril/src/ril_system.o
                0x082928fc                RIL_GetIMEI
 .text.QSDK_Get_Str
                0x08292948       0x78 build\gcc\obj/ril/src/ril_system.o
                0x08292948                QSDK_Get_Str
 .text.open_socket_push_json_param_parse_cmd
                0x082929c0      0x128 build\gcc\obj/ril/src/ril_system.o
                0x082929c0                open_socket_push_json_param_parse_cmd
 .text.open_lwm2m_param_parse_cmd
                0x08292ae8      0x130 build\gcc\obj/ril/src/ril_system.o
                0x08292ae8                open_lwm2m_param_parse_cmd
 .text.open_onenet_push_param_parse_cmd
                0x08292c18      0x170 build\gcc\obj/ril/src/ril_system.o
                0x08292c18                open_onenet_push_param_parse_cmd
 .text.OnURCHandler_IPADDR_IND
                0x08292d88       0x34 build\gcc\obj/ril/src/ril_urc.o
 .text.OnURCHandler_NbiotEvent
                0x08292dbc       0x3c build\gcc\obj/ril/src/ril_urc.o
 .text.OnURCHandler_MQTT_RECV_DATA
                0x08292df8       0x50 build\gcc\obj/ril/src/ril_urc.o
 .text.OnURCHandler_MQTT_STAT
                0x08292e48       0x58 build\gcc\obj/ril/src/ril_urc.o
 .text.OnURCHandler_MQTT_CLOSE_IND
                0x08292ea0       0x50 build\gcc\obj/ril/src/ril_urc.o
 .text.OnURCHandler_MQTT_CONN_IND
                0x08292ef0       0x60 build\gcc\obj/ril/src/ril_urc.o
 .text.OnURCHandler_MQTT_OPEN_IND
                0x08292f50       0x50 build\gcc\obj/ril/src/ril_urc.o
 .text.OnURCHandler_MQTT_SUB_IND
                0x08292fa0       0x58 build\gcc\obj/ril/src/ril_urc.o
 .text.OnURCHandler_MQTT_PUB_IND
                0x08292ff8       0xa0 build\gcc\obj/ril/src/ril_urc.o
 .text.OnURCHandler_DFOTA_Hander
                0x08293098       0x3c build\gcc\obj/ril/src/ril_urc.o
 .text.OnURCHandler_ONENET_EXECUTE
                0x082930d4      0x104 build\gcc\obj/ril/src/ril_urc.o
 .text.OnURCHandler_ONENET_READ
                0x082931d8       0xdc build\gcc\obj/ril/src/ril_urc.o
 .text.OnURCHandler_ONENET_DISCOVER
                0x082932b4       0xac build\gcc\obj/ril/src/ril_urc.o
 .text.OnURCHandler_ONENET_OBSERVER
                0x08293360       0xf0 build\gcc\obj/ril/src/ril_urc.o
 .text.OnURCHandler_ONENET_EVENT
                0x08293450       0xf8 build\gcc\obj/ril/src/ril_urc.o
 .text.OnURCHandler_LwM2M_OBSERVE
                0x08293548       0xc4 build\gcc\obj/ril/src/ril_urc.o
 .text.OnURCHandler_CFUN
                0x0829360c       0x70 build\gcc\obj/ril/src/ril_urc.o
 .text.OnURCHandler_Network
                0x0829367c       0x80 build\gcc\obj/ril/src/ril_urc.o
 .text.OnURCHandler_ONENET_WRITE
                0x082936fc      0x14c build\gcc\obj/ril/src/ril_urc.o
 .text.OnURCHandler_LwM2M_RECV_DATA
                0x08293848       0xec build\gcc\obj/ril/src/ril_urc.o
 .text.OnURCHandler_QIURC_DATA
                0x08293934      0x160 build\gcc\obj/ril/src/ril_urc.o
 .text.OnURCHandler_SIM
                0x08293a94       0x90 build\gcc\obj/ril/src/ril_urc.o
 .text.OnURCHandler
                0x08293b24       0x60 build\gcc\obj/ril/src/ril_urc.o
                0x08293b24                OnURCHandler
 .text.Ql_RIL_IsURCStr
                0x08293b84       0x40 build\gcc\obj/ril/src/ril_urc.o
                0x08293b84                Ql_RIL_IsURCStr
 .text.Ql_StrPrefixMatch
                0x08293bc4       0x28 build\gcc\obj/ril/src/ril_util.o
                0x08293bc4                Ql_StrPrefixMatch
 .text.Ql_StrToUpper
                0x08293bec       0x28 build\gcc\obj/ril/src/ril_util.o
                0x08293bec                Ql_StrToUpper
 .text.Ql_RIL_FindString
                0x08293c14       0x50 build\gcc\obj/ril/src/ril_util.o
                0x08293c14                Ql_RIL_FindString
 .text.Ql_RIL_FindLine
                0x08293c64      0x154 build\gcc\obj/ril/src/ril_util.o
                0x08293c64                Ql_RIL_FindLine
 .text.atci_cmd_mtcfg
                0x08293db8      0x2b8 build\gcc\obj/custom/at_command_mtcfg.o
                0x08293db8                atci_cmd_mtcfg
 .text.atci_cmd_mtpub
                0x08294070       0xdc build\gcc\obj/custom/at_command_mtpub.o
                0x08294070                atci_cmd_mtpub
 .text.atci_cmd_mtsub
                0x0829414c       0xcc build\gcc\obj/custom/at_command_mtsub.o
                0x0829414c                atci_cmd_mtsub
 .text.atci_cmd_nbreset
                0x08294218       0x58 build\gcc\obj/custom/at_command_nbreset.o
                0x08294218                atci_cmd_nbreset
 .text.atci_cmd_reboot
                0x08294270       0x68 build\gcc\obj/custom/at_command_reboot.o
                0x08294270                atci_cmd_reboot
 .text.atci_cmd_ttdebug
                0x082942d8       0xdc build\gcc\obj/custom/at_command_ttdebug.o
                0x082942d8                atci_cmd_ttdebug
 .text.atci_cmd_ttdevice
                0x082943b4      0x158 build\gcc\obj/custom/at_command_ttdevice.o
                0x082943b4                atci_cmd_ttdevice
 .text.atci_cmd_ttvolume
                0x0829450c       0xd0 build\gcc\obj/custom/at_command_ttvolume.o
                0x0829450c                atci_cmd_ttvolume
 .text.atci_param_parse
                0x082945dc      0x160 build\gcc\obj/custom/atci.o
                0x082945dc                atci_param_parse
 .text.at_command_init
                0x0829473c       0x14 build\gcc\obj/custom/atci.o
                0x0829473c                at_command_init
 .text.atci_local_caculate_hash_value
                0x08294750       0x98 build\gcc\obj/custom/atci_handler.o
 .text.atci_send_response
                0x082947e8       0xb8 build\gcc\obj/custom/atci_handler.o
                0x082947e8                atci_send_response
 .text.atci_input_command_handler
                0x082948a0      0x21c build\gcc\obj/custom/atci_handler.o
                0x082948a0                atci_input_command_handler
 .text.atci_local_find_cm4_handler
                0x08294abc       0x70 build\gcc\obj/custom/atci_handler.o
                0x08294abc                atci_local_find_cm4_handler
 .text.atci_register_handler
                0x08294b2c       0xd0 build\gcc\obj/custom/atci_handler.o
                0x08294b2c                atci_register_handler
 .text.atci_uart_send_data
                0x08294bfc       0x10 build\gcc\obj/custom/atci_main.o
                0x08294bfc                atci_uart_send_data
 .text.atci_init_int
                0x08294c0c       0x14 build\gcc\obj/custom/atci_main.o
                0x08294c0c                atci_init_int
 .text.atci_init
                0x08294c20       0x14 build\gcc\obj/custom/atci_main.o
                0x08294c20                atci_init
 .text.atci_send_data_int
                0x08294c34       0x24 build\gcc\obj/custom/atci_main.o
                0x08294c34                atci_send_data_int
 .text.base64_encode
                0x08294c58       0xac build\gcc\obj/custom/base64.o
                0x08294c58                base64_encode
 .text.crc16    0x08294d04       0x28 build\gcc\obj/custom/crc16.o
                0x08294d04                crc16
 .text.device_info_store
                0x08294d2c       0x64 build\gcc\obj/custom/device_info.o
                0x08294d2c                device_info_store
 .text.device_info_set
                0x08294d90       0x28 build\gcc\obj/custom/device_info.o
                0x08294d90                device_info_set
 .text.device_info_load
                0x08294db8       0xe0 build\gcc\obj/custom/device_info.o
                0x08294db8                device_info_load
 .text.main_ticks_timer
                0x08294e98       0x10 build\gcc\obj/custom/main.o
 .text.beep_timer
                0x08294ea8       0x10 build\gcc\obj/custom/main.o
 .text.callback_psm_eint
                0x08294eb8       0x68 build\gcc\obj/custom/main.o
 .text.ATResponse_Handler
                0x08294f20       0x9c build\gcc\obj/custom/main.o
 .text.CallBack_UART_Hdlr
                0x08294fbc       0xf4 build\gcc\obj/custom/main.o
 .text.mqtt_led_timer
                0x082950b0       0x24 build\gcc\obj/custom/main.o
 .text.main_ticks_get
                0x082950d4        0xc build\gcc\obj/custom/main.o
                0x082950d4                main_ticks_get
 .text.proc_main_task
                0x082950e0      0x37c build\gcc\obj/custom/main.o
                0x082950e0                proc_main_task
 .text.mqtt_start_proc
                0x0829545c       0x30 build\gcc\obj/custom/proc_mqtt_task.o
 .text.mqtt_reset_proc
                0x0829548c       0x94 build\gcc\obj/custom/proc_mqtt_task.o
 .text.net_state_query_timer
                0x08295520       0xbc build\gcc\obj/custom/proc_mqtt_task.o
 .text.mqtt_encode_timer
                0x082955dc      0x2ac build\gcc\obj/custom/proc_mqtt_task.o
 .text.mqtt_send_data
                0x08295888       0x38 build\gcc\obj/custom/proc_mqtt_task.o
                0x08295888                mqtt_send_data
 .text.proc_mqtt_init
                0x082958c0      0x114 build\gcc\obj/custom/proc_mqtt_task.o
                0x082958c0                proc_mqtt_init
 .text.proc_mqtt_task
                0x082959d4      0x2c8 build\gcc\obj/custom/proc_mqtt_task.o
                0x082959d4                proc_mqtt_task
 .text.card_read_proc
                0x08295c9c       0xd8 build\gcc\obj/custom/proc_nfc_task.o
 .text.card_search
                0x08295d74       0x44 build\gcc\obj/custom/proc_nfc_task.o
 .text.enter_psm_mode
                0x08295db8       0x18 build\gcc\obj/custom/proc_nfc_task.o
                0x08295db8                enter_psm_mode
 .text.card_search_proc
                0x08295dd0       0x90 build\gcc\obj/custom/proc_nfc_task.o
 .text.card_authent_proc
                0x08295e60       0x90 build\gcc\obj/custom/proc_nfc_task.o
 .text.proc_nfc_task
                0x08295ef0      0x180 build\gcc\obj/custom/proc_nfc_task.o
                0x08295ef0                proc_nfc_task
 .text.si522_write
                0x08296070       0x24 build\gcc\obj/drivers/nfc/si522.o
                0x08296070                si522_write
 .text.si522_read
                0x08296094       0x30 build\gcc\obj/drivers/nfc/si522.o
                0x08296094                si522_read
 .text.si522_bit_set
                0x082960c4       0x20 build\gcc\obj/drivers/nfc/si522.o
                0x082960c4                si522_bit_set
 .text.si522_bit_clear
                0x082960e4       0x20 build\gcc\obj/drivers/nfc/si522.o
                0x082960e4                si522_bit_clear
 .text.si522_crc.constprop.1
                0x08296104       0x74 build\gcc\obj/drivers/nfc/si522.o
 .text.si522_edge_trigger_mode
                0x08296178       0x54 build\gcc\obj/drivers/nfc/si522.o
                0x08296178                si522_edge_trigger_mode
 .text.si522_communication
                0x082961cc      0x118 build\gcc\obj/drivers/nfc/si522.o
                0x082961cc                si522_communication
 .text.PcdRequest
                0x082962e4       0x5c build\gcc\obj/drivers/nfc/si522.o
                0x082962e4                PcdRequest
 .text.PcdAnticoll
                0x08296340       0x78 build\gcc\obj/drivers/nfc/si522.o
                0x08296340                PcdAnticoll
 .text.PcdSelect
                0x082963b8       0x68 build\gcc\obj/drivers/nfc/si522.o
                0x082963b8                PcdSelect
 .text.si522_card_search
                0x08296420       0x48 build\gcc\obj/drivers/nfc/si522.o
                0x08296420                si522_card_search
 .text.si522_card_authent
                0x08296468       0x5c build\gcc\obj/drivers/nfc/si522.o
                0x08296468                si522_card_authent
 .text.si522_card_block_read
                0x082964c4       0x58 build\gcc\obj/drivers/nfc/si522.o
                0x082964c4                si522_card_block_read
 .text.PcdAntennaOn
                0x0829651c       0x20 build\gcc\obj/drivers/nfc/si522.o
                0x0829651c                PcdAntennaOn
 .text.PcdAntennaOff
                0x0829653c       0x10 build\gcc\obj/drivers/nfc/si522.o
                0x0829653c                PcdAntennaOff
 .text.si522_reset
                0x0829654c       0x50 build\gcc\obj/drivers/nfc/si522.o
                0x0829654c                si522_reset
 .text.si522_manual
                0x0829659c       0x54 build\gcc\obj/drivers/nfc/si522.o
                0x0829659c                si522_manual
 .text.Ql_GPIO_Init
                0x082965f0       0x44 libs/gcc/app_start.lib(gpio.o)
                0x082965f0                Ql_GPIO_Init
 .text.Ql_GPIO_SetLevel
                0x08296634       0x38 libs/gcc/app_start.lib(gpio.o)
                0x08296634                Ql_GPIO_SetLevel
 .text.Ql_GPIO_GetLevel
                0x0829666c       0x34 libs/gcc/app_start.lib(gpio.o)
                0x0829666c                Ql_GPIO_GetLevel
 .text.Ql_MEM_Alloc
                0x082966a0       0x44 libs/gcc/app_start.lib(memory.o)
                0x082966a0                Ql_MEM_Alloc
 .text.Ql_MEM_Free
                0x082966e4       0x40 libs/gcc/app_start.lib(memory.o)
                0x082966e4                Ql_MEM_Free
 .text.Ql_SleepEnable
                0x08296724       0x30 libs/gcc/app_start.lib(power.o)
                0x08296724                Ql_SleepEnable
 .text.Ql_SleepDisable
                0x08296754       0x30 libs/gcc/app_start.lib(power.o)
                0x08296754                Ql_SleepDisable
 .text.Ql_GetPowerOnReason
                0x08296784       0x30 libs/gcc/app_start.lib(power.o)
                0x08296784                Ql_GetPowerOnReason
 .text.Ql_PWM_Init
                0x082967b4       0x48 libs/gcc/app_start.lib(pwm.o)
                0x082967b4                Ql_PWM_Init
 .text.Ql_PWM_Output
                0x082967fc       0x38 libs/gcc/app_start.lib(pwm.o)
                0x082967fc                Ql_PWM_Output
 .text.ql_InitVFunc
                0x08296834       0x7c libs/gcc/app_start.lib(ql_main.o)
                0x08296834                ql_InitVFunc
 .text.ocpu_main
                0x082968b0       0x68 libs/gcc/app_start.lib(ql_main.o)
                0x082968b0                ocpu_main
 .text.proc_reserved2
                0x08296918       0x40 libs/gcc/app_start.lib(ril_aux.o)
                0x08296918                proc_reserved2
 .text.ril_StopATTimer
                0x08296958       0x1c libs/gcc/app_start.lib(ril_main.o)
 .text.Callback_OnATTimer
                0x08296974       0x34 libs/gcc/app_start.lib(ril_main.o)
 .text.Ql_RIL_Initialize
                0x082969a8       0x90 libs/gcc/app_start.lib(ril_main.o)
                0x082969a8                Ql_RIL_Initialize
 .text.Ql_RIL_SendATCmd
                0x08296a38      0x1c8 libs/gcc/app_start.lib(ril_main.o)
                0x08296a38                Ql_RIL_SendATCmd
 .text.str_seacher_with
                0x08296c00       0x58 libs/gcc/app_start.lib(ril_main.o)
                0x08296c00                str_seacher_with
 .text.proc_reserved1
                0x08296c58      0x340 libs/gcc/app_start.lib(ril_main.o)
                0x08296c58                proc_reserved1
 .text.Ql_Psm_Eint_Register
                0x08296f98       0x38 libs/gcc/app_start.lib(rtc.o)
                0x08296f98                Ql_Psm_Eint_Register
 .text.Ql_SPI_Init
                0x08296fd0       0x50 libs/gcc/app_start.lib(spi.o)
                0x08296fd0                Ql_SPI_Init
 .text.Ql_SPI_Config
                0x08297020       0x48 libs/gcc/app_start.lib(spi.o)
                0x08297020                Ql_SPI_Config
 .text.Ql_SPI_Write
                0x08297068       0x3c libs/gcc/app_start.lib(spi.o)
                0x08297068                Ql_SPI_Write
 .text.Ql_SPI_WriteRead
                0x082970a4       0x48 libs/gcc/app_start.lib(spi.o)
                0x082970a4                Ql_SPI_WriteRead
 .text.Ql_strcpy
                0x082970ec       0x58 libs/gcc/app_start.lib(stdlib_func.o)
                0x082970ec                Ql_strcpy
 .text.Ql_strncpy
                0x08297144       0x50 libs/gcc/app_start.lib(stdlib_func.o)
                0x08297144                Ql_strncpy
 .text.Ql_strcat
                0x08297194       0x48 libs/gcc/app_start.lib(stdlib_func.o)
                0x08297194                Ql_strcat
 .text.Ql_strlen
                0x082971dc       0x44 libs/gcc/app_start.lib(stdlib_func.o)
                0x082971dc                Ql_strlen
 .text.Ql_strcmp
                0x08297220       0x38 libs/gcc/app_start.lib(stdlib_func.o)
                0x08297220                Ql_strcmp
 .text.Ql_strncmp
                0x08297258       0x3c libs/gcc/app_start.lib(stdlib_func.o)
                0x08297258                Ql_strncmp
 .text.Ql_memset
                0x08297294       0x50 libs/gcc/app_start.lib(stdlib_func.o)
                0x08297294                Ql_memset
 .text.Ql_memcpy
                0x082972e4       0x50 libs/gcc/app_start.lib(stdlib_func.o)
                0x082972e4                Ql_memcpy
 .text.Ql_memcmp
                0x08297334       0x3c libs/gcc/app_start.lib(stdlib_func.o)
                0x08297334                Ql_memcmp
 .text.Ql_strstr
                0x08297370       0x48 libs/gcc/app_start.lib(stdlib_func.o)
                0x08297370                Ql_strstr
 .text.Ql_strchr
                0x082973b8       0x48 libs/gcc/app_start.lib(stdlib_func.o)
                0x082973b8                Ql_strchr
 .text.Ql_toupper
                0x08297400        0x4 libs/gcc/app_start.lib(stdlib_func.o)
                0x08297400                Ql_toupper
 .text.Ql_atoi  0x08297404       0x4e libs/gcc/app_start.lib(stdlib_func.o)
                0x08297404                Ql_atoi
 *fill*         0x08297452        0x2 
 .text.Ql_Sleep
                0x08297454       0x40 libs/gcc/app_start.lib(system.o)
                0x08297454                Ql_Sleep
 .text.Ql_Reset
                0x08297494       0x40 libs/gcc/app_start.lib(system.o)
                0x08297494                Ql_Reset
 .text.Ql_GetvFunc_Init_Status
                0x082974d4       0x28 libs/gcc/app_start.lib(system.o)
                0x082974d4                Ql_GetvFunc_Init_Status
 .text.Ql_GetSDKVer
                0x082974fc       0x38 libs/gcc/app_start.lib(system.o)
                0x082974fc                Ql_GetSDKVer
 .text.Ql_OS_GetMessage
                0x08297534       0x34 libs/gcc/app_start.lib(taskMngt.o)
                0x08297534                Ql_OS_GetMessage
 .text.Ql_OS_SendMessage
                0x08297568       0x44 libs/gcc/app_start.lib(taskMngt.o)
                0x08297568                Ql_OS_SendMessage
 .text.Ql_OS_SendMessageFromISR
                0x082975ac       0x44 libs/gcc/app_start.lib(taskMngt.o)
                0x082975ac                Ql_OS_SendMessageFromISR
 .text.Ql_OS_CreateMutex
                0x082975f0       0x28 libs/gcc/app_start.lib(taskMngt.o)
                0x082975f0                Ql_OS_CreateMutex
 .text.Ql_OS_TakeMutex
                0x08297618       0x30 libs/gcc/app_start.lib(taskMngt.o)
                0x08297618                Ql_OS_TakeMutex
 .text.Ql_OS_GiveMutex
                0x08297648       0x2c libs/gcc/app_start.lib(taskMngt.o)
                0x08297648                Ql_OS_GiveMutex
 .text.Ql_OS_CreateEvent
                0x08297674       0x28 libs/gcc/app_start.lib(taskMngt.o)
                0x08297674                Ql_OS_CreateEvent
 .text.Ql_OS_WaitEvent
                0x0829769c       0x3c libs/gcc/app_start.lib(taskMngt.o)
                0x0829769c                Ql_OS_WaitEvent
 .text.Ql_OS_SetEvent
                0x082976d8       0x38 libs/gcc/app_start.lib(taskMngt.o)
                0x082976d8                Ql_OS_SetEvent
 .text.Ql_ril_request_command
                0x08297710       0x34 libs/gcc/app_start.lib(taskMngt.o)
                0x08297710                Ql_ril_request_command
 .text.Ql_SecureData_Store
                0x08297744       0x34 libs/gcc/app_start.lib(taskMngt.o)
                0x08297744                Ql_SecureData_Store
 .text.Ql_SecureData_Read
                0x08297778       0x34 libs/gcc/app_start.lib(taskMngt.o)
                0x08297778                Ql_SecureData_Read
 .text.Ql_GetLocalTime
                0x082977ac       0x2c libs/gcc/app_start.lib(time.o)
                0x082977ac                Ql_GetLocalTime
 .text.Ql_Mktime
                0x082977d8       0x30 libs/gcc/app_start.lib(time.o)
                0x082977d8                Ql_Mktime
 .text.Ql_MKTime2CalendarTime
                0x08297808       0x34 libs/gcc/app_start.lib(time.o)
                0x08297808                Ql_MKTime2CalendarTime
 .text.Ql_Timer_Register
                0x0829783c       0x3c libs/gcc/app_start.lib(timer.o)
                0x0829783c                Ql_Timer_Register
 .text.Ql_Timer_Start
                0x08297878       0x3c libs/gcc/app_start.lib(timer.o)
                0x08297878                Ql_Timer_Start
 .text.Ql_Timer_Stop
                0x082978b4       0x34 libs/gcc/app_start.lib(timer.o)
                0x082978b4                Ql_Timer_Stop
 .text.Ql_UART_Register
                0x082978e8       0x3c libs/gcc/app_start.lib(uart.o)
                0x082978e8                Ql_UART_Register
 .text.Ql_UART_Open
                0x08297924       0x3c libs/gcc/app_start.lib(uart.o)
                0x08297924                Ql_UART_Open
 .text.Ql_UART_Write
                0x08297960       0x3c libs/gcc/app_start.lib(uart.o)
                0x08297960                Ql_UART_Write
 .text.Ql_UART_Read
                0x0829799c       0x3c libs/gcc/app_start.lib(uart.o)
                0x0829799c                Ql_UART_Read
 .text.atoi     0x082979d8        0x8 tools\gcc\win\gcc-arm-none-eabi/arm-none-eabi/lib/armv7e-m/fpu/libc.a(lib_a-atoi.o)
                0x082979d8                atoi
 .text.memset   0x082979e0       0x94 tools\gcc\win\gcc-arm-none-eabi/arm-none-eabi/lib/armv7e-m/fpu/libc.a(lib_a-memset.o)
                0x082979e0                memset
 .text.strchr   0x08297a74       0xf4 tools\gcc\win\gcc-arm-none-eabi/arm-none-eabi/lib/armv7e-m/fpu/libc.a(lib_a-strchr.o)
                0x08297a74                strchr
 .text.strcpy   0x08297b68       0xbc tools\gcc\win\gcc-arm-none-eabi/arm-none-eabi/lib/armv7e-m/fpu/libc.a(lib_a-strcpy.o)
                0x08297b68                strcpy
 .text.strlen   0x08297c24       0x60 tools\gcc\win\gcc-arm-none-eabi/arm-none-eabi/lib/armv7e-m/fpu/libc.a(lib_a-strlen.o)
                0x08297c24                strlen
 .text.strncpy  0x08297c84       0x64 tools\gcc\win\gcc-arm-none-eabi/arm-none-eabi/lib/armv7e-m/fpu/libc.a(lib_a-strncpy.o)
                0x08297c84                strncpy
 .text.strsep   0x08297ce8        0xc tools\gcc\win\gcc-arm-none-eabi/arm-none-eabi/lib/armv7e-m/fpu/libc.a(lib_a-strsep.o)
                0x08297ce8                strsep
 .text.strtok   0x08297cf4       0x10 tools\gcc\win\gcc-arm-none-eabi/arm-none-eabi/lib/armv7e-m/fpu/libc.a(lib_a-strtok.o)
                0x08297cf4                strtok
 .text.__strtok_r
                0x08297d04       0x64 tools\gcc\win\gcc-arm-none-eabi/arm-none-eabi/lib/armv7e-m/fpu/libc.a(lib_a-strtok_r.o)
                0x08297d04                __strtok_r
 .text._strtol_r
                0x08297d68      0x114 tools\gcc\win\gcc-arm-none-eabi/arm-none-eabi/lib/armv7e-m/fpu/libc.a(lib_a-strtol.o)
                0x08297d68                _strtol_r
 .text.strtol   0x08297e7c       0x18 tools\gcc\win\gcc-arm-none-eabi/arm-none-eabi/lib/armv7e-m/fpu/libc.a(lib_a-strtol.o)
                0x08297e7c                strtol
 *(.text)
 .text          0x08297e94       0x4c libs/gcc/app_start.lib(ocpu_init.o)
                0x08297ea8                _OCPU_InitUserMem
 .text          0x08297ee0      0x134 tools\gcc\win\gcc-arm-none-eabi/arm-none-eabi/lib/armv7e-m/fpu/libc.a(lib_a-memcpy.o)
                0x08297ee0                memcpy

.glue_7         0x08298014        0x0
 .glue_7        0x00000000        0x0 linker stubs

.glue_7t        0x08298014        0x0
 .glue_7t       0x00000000        0x0 linker stubs

.vfp11_veneer   0x08298014        0x0
 .vfp11_veneer  0x00000000        0x0 linker stubs

.v4_bx          0x08298014        0x0
 .v4_bx         0x00000000        0x0 linker stubs

.iplt           0x08298014        0x0
 .iplt          0x00000000        0x0 build\gcc\obj/custom/config/custom_sys_cfg.o

.rodata         0x08298014       0x3d
                0x08298014                . = ALIGN (0x4)
 *(.rodata)
 .rodata        0x08298014        0xb build\gcc\obj/ril/src/ril_network.o
 .rodata        0x0829801f        0x6 build\gcc\obj/custom/proc_nfc_task.o
 .rodata        0x08298025       0x16 libs/gcc/app_start.lib(ql_main.o)
 .rodata        0x0829803b       0x16 libs/gcc/app_start.lib(system.o)
                0x08299988                __data_load = LOADADDR (.data)

.rodata.wtdCfg  0x08298051        0x2
 .rodata.wtdCfg
                0x08298051        0x2 build\gcc\obj/custom/config/custom_sys_cfg.o

.rodata.appEnableCfg
                0x08298054        0x4
 .rodata.appEnableCfg
                0x08298054        0x4 build\gcc\obj/custom/config/custom_sys_cfg.o

.rodata.debugPortCfg
                0x08298058        0x1
 .rodata.debugPortCfg
                0x08298058        0x1 build\gcc\obj/custom/config/custom_sys_cfg.o

.rodata.debugPortSet
                0x08298059        0x2
 .rodata.debugPortSet
                0x08298059        0x2 build\gcc\obj/custom/config/custom_sys_cfg.o

.rodata.SystemCfg
                0x0829805c       0x3c
 .rodata.SystemCfg
                0x0829805c       0x3c build\gcc\obj/custom/config/custom_sys_cfg.o
                0x0829805c                SystemCfg

.rodata.GpioConfigTbl
                0x08298098        0x4
 .rodata.GpioConfigTbl
                0x08298098        0x4 build\gcc\obj/custom/config/sys_config.o
                0x08298098                GpioConfigTbl

.rodata.TaskConfig
                0x0829809c       0x78
 .rodata.TaskConfig
                0x0829809c       0x78 build\gcc\obj/custom/config/sys_config.o
                0x0829809c                TaskConfig

.rodata.str1.1  0x08298114      0xeee
 .rodata.str1.1
                0x08298114       0x4c build\gcc\obj/ril/src/ril_atResponse.o
                                 0x52 (size before relaxing)
 .rodata.str1.1
                0x08298160       0x4e build\gcc\obj/ril/src/ril_dfota.o
 .rodata.str1.1
                0x082981ae       0x2c build\gcc\obj/ril/src/ril_init.o
 .rodata.str1.1
                0x082981da      0x126 build\gcc\obj/ril/src/ril_mqtt.o
                                0x13b (size before relaxing)
 .rodata.str1.1
                0x08298300       0x63 build\gcc\obj/ril/src/ril_network.o
                                 0x8e (size before relaxing)
 .rodata.str1.1
                0x08298363       0x3a build\gcc\obj/ril/src/ril_system.o
                                 0x56 (size before relaxing)
 .rodata.str1.1
                0x0829839d      0x176 build\gcc\obj/ril/src/ril_urc.o
                                0x179 (size before relaxing)
 .rodata.str1.1
                0x08298513       0x11 build\gcc\obj/ril/src/ril_util.o
                                 0x16 (size before relaxing)
 .rodata.str1.1
                0x08298524       0xc0 build\gcc\obj/custom/at_command_mtcfg.o
                                 0xcf (size before relaxing)
 .rodata.str1.1
                0x082985e4        0xe build\gcc\obj/custom/at_command_mtpub.o
                                 0x25 (size before relaxing)
 .rodata.str1.1
                0x082985f2        0xd build\gcc\obj/custom/at_command_mtsub.o
                                 0x24 (size before relaxing)
 .rodata.str1.1
                0x00000000        0x8 build\gcc\obj/custom/at_command_nbreset.o
 .rodata.str1.1
                0x00000000        0x8 build\gcc\obj/custom/at_command_reboot.o
 .rodata.str1.1
                0x082985ff       0x11 build\gcc\obj/custom/at_command_ttdebug.o
                                 0x28 (size before relaxing)
 .rodata.str1.1
                0x08298610       0x1a build\gcc\obj/custom/at_command_ttdevice.o
                                 0x34 (size before relaxing)
 .rodata.str1.1
                0x0829862a        0xf build\gcc\obj/custom/at_command_ttvolume.o
                                 0x23 (size before relaxing)
 .rodata.str1.1
                0x08298639      0x1c4 build\gcc\obj/custom/atci.o
                                0x1cd (size before relaxing)
 .rodata.str1.1
                0x082987fd        0x5 build\gcc\obj/custom/atci_handler.o
 .rodata.str1.1
                0x08298802       0x1e build\gcc\obj/custom/device_info.o
 .rodata.str1.1
                0x08298820      0x163 build\gcc\obj/custom/main.o
                                0x186 (size before relaxing)
 .rodata.str1.1
                0x08298983       0xc2 build\gcc\obj/custom/proc_mqtt_task.o
                                 0xd0 (size before relaxing)
 .rodata.str1.1
                0x08298a45       0xde build\gcc\obj/custom/proc_nfc_task.o
                                 0xf1 (size before relaxing)
 .rodata.str1.1
                0x08298b23       0x81 libs/gcc/app_start.lib(gpio.o)
 .rodata.str1.1
                0x08298ba4       0x19 libs/gcc/app_start.lib(memory.o)
 .rodata.str1.1
                0x08298bbd       0x33 libs/gcc/app_start.lib(power.o)
 .rodata.str1.1
                0x08298bf0       0x28 libs/gcc/app_start.lib(pwm.o)
 .rodata.str1.1
                0x08298c18       0x1a libs/gcc/app_start.lib(ql_main.o)
 .rodata.str1.1
                0x08298c32        0xa libs/gcc/app_start.lib(ril_main.o)
                                 0x11 (size before relaxing)
 .rodata.str1.1
                0x08298c3c       0x42 libs/gcc/app_start.lib(rtc.o)
 .rodata.str1.1
                0x08298c7e       0x46 libs/gcc/app_start.lib(spi.o)
 .rodata.str1.1
                0x08298cc4       0xa1 libs/gcc/app_start.lib(stdlib_func.o)
 .rodata.str1.1
                0x08298d65       0x2a libs/gcc/app_start.lib(system.o)
 .rodata.str1.1
                0x08298d8f      0x197 libs/gcc/app_start.lib(taskMngt.o)
 .rodata.str1.1
                0x08298f26       0x41 libs/gcc/app_start.lib(time.o)
 .rodata.str1.1
                0x08298f67       0x45 libs/gcc/app_start.lib(timer.o)
 .rodata.str1.1
                0x08298fac       0x56 libs/gcc/app_start.lib(uart.o)

.rodata.m_AtURCHdlEntry
                0x08299004      0x3f0
 .rodata.m_AtURCHdlEntry
                0x08299004      0x3f0 build\gcc\obj/ril/src/ril_urc.o

.rodata.__func__.4855
                0x082993f4       0x1a
 .rodata.__func__.4855
                0x082993f4       0x1a build\gcc\obj/ril/src/ril_urc.o

.rodata.m_SysURCHdlEntry
                0x08299410       0xe0
 .rodata.m_SysURCHdlEntry
                0x08299410       0xe0 build\gcc\obj/ril/src/ril_urc.o

.rodata.base64en
                0x082994f0       0x40
 .rodata.base64en
                0x082994f0       0x40 build\gcc\obj/custom/base64.o

.rodata.crc16tab
                0x08299530      0x200
 .rodata.crc16tab
                0x08299530      0x200 build\gcc\obj/custom/crc16.o

.rodata.__func__.4115
                0x08299730       0x11
 .rodata.__func__.4115
                0x08299730       0x11 build\gcc\obj/custom/device_info.o

.rodata.default_param
                0x08299742      0x102
 .rodata.default_param
                0x08299742      0x102 build\gcc\obj/custom/device_info.o
                0x08299742                default_param

.rodata.__func__.4703
                0x08299844        0xf
 .rodata.__func__.4703
                0x08299844        0xf build\gcc\obj/custom/main.o

.rodata.__func__.4450
                0x08299853        0xf
 .rodata.__func__.4450
                0x08299853        0xf build\gcc\obj/custom/proc_mqtt_task.o

.rodata.__func__.4524
                0x08299862        0xe
 .rodata.__func__.4524
                0x08299862        0xe build\gcc\obj/custom/proc_nfc_task.o

.rodata.__func__.4562
                0x08299870        0xe
 .rodata.__func__.4562
                0x08299870        0xe build\gcc\obj/custom/proc_nfc_task.o

.rodata._ctype_
                0x08299880      0x104
 .rodata._ctype_
                0x08299880      0x104 tools\gcc\win\gcc-arm-none-eabi/arm-none-eabi/lib/armv7e-m/fpu/libc.a(lib_a-ctype_.o)
                0x08299880                _ctype_

.rodata.str1.4  0x08299984        0x4
 .rodata.str1.4
                0x08299984        0x4 tools\gcc\win\gcc-arm-none-eabi/arm-none-eabi/lib/armv7e-m/fpu/libc.a(lib_a-impure.o)

.rel.dyn        0x08299988        0x0
 .rel.iplt      0x00000000        0x0 build\gcc\obj/custom/config/custom_sys_cfg.o

.data           0x001e7000      0x514 load address 0x08299988
                0x001e7000                __data_start = .
                0x001e7000                . = ALIGN (0x4)
 *(.data.*)
 .data.g_InitCmds
                0x001e7000        0xc build\gcc\obj/ril/src/ril_init.o
                0x001e7000                g_InitCmds
 .data.g_LimitedCmds
                0x001e700c        0x4 build\gcc\obj/ril/src/ril_init.o
                0x001e700c                g_LimitedCmds
 .data.g_LWM2M_RECV_DATA_MODE
                0x001e7010        0x1 build\gcc\obj/ril/src/ril_lwm2m.o
                0x001e7010                g_LWM2M_RECV_DATA_MODE
 *fill*         0x001e7011        0x3 
 .data.atcmd_table
                0x001e7014       0xa0 build\gcc\obj/custom/atci.o
                0x001e7014                atcmd_table
 .data.api_notsup
                0x001e70b4       0x18 libs/gcc/app_start.lib(ql_func.o)
                0x001e70b4                api_notsup
 .data.g_ril_auxTaskId
                0x001e70cc        0x4 libs/gcc/app_start.lib(ril_aux.o)
                0x001e70cc                g_ril_auxTaskId
 .data.m_atTimer
                0x001e70d0        0xc libs/gcc/app_start.lib(ril_main.o)
 .data.m_thisTaskId
                0x001e70dc        0x4 libs/gcc/app_start.lib(ril_main.o)
 .data.__ctype_ptr__
                0x001e70e0        0x4 tools\gcc\win\gcc-arm-none-eabi/arm-none-eabi/lib/armv7e-m/fpu/libc.a(lib_a-ctype_.o)
                0x001e70e0                __ctype_ptr__
 *fill*         0x001e70e4        0x4 
 .data.impure_data
                0x001e70e8      0x428 tools\gcc\win\gcc-arm-none-eabi/arm-none-eabi/lib/armv7e-m/fpu/libc.a(lib_a-impure.o)
 .data._impure_ptr
                0x001e7510        0x4 tools\gcc\win\gcc-arm-none-eabi/arm-none-eabi/lib/armv7e-m/fpu/libc.a(lib_a-impure.o)
                0x001e7510                _impure_ptr
 *(.data)
                0x001e7514                _edata = .

.igot.plt       0x001e7514        0x0 load address 0x08299e9c
 .igot.plt      0x00000000        0x0 build\gcc\obj/custom/config/custom_sys_cfg.o

.bss            0x001e7514     0x2530 load address 0x08299e9c
                0x001e7514                __bss_start__ = .
                0x001e7514                . = ALIGN (0x4)
 *(.bss)
 *(.bss.*)
 .bss.m_iErrCode
                0x001e7514        0x4 build\gcc\obj/ril/src/ril_atResponse.o
 .bss.sub_result
                0x001e7518        0x1 build\gcc\obj/ril/src/ril_mqtt.o
 .bss.conn_result
                0x001e7519        0x1 build\gcc\obj/ril/src/ril_mqtt.o
 .bss.close_result
                0x001e751a        0x1 build\gcc\obj/ril/src/ril_mqtt.o
 .bss.pub_result
                0x001e751b        0x1 build\gcc\obj/ril/src/ril_mqtt.o
 .bss.open_result
                0x001e751c        0x1 build\gcc\obj/ril/src/ril_mqtt.o
 .bss.conn_state
                0x001e751d        0x1 build\gcc\obj/ril/src/ril_mqtt.o
 .bss.mqtt_err  0x001e751e        0x1 build\gcc\obj/ril/src/ril_mqtt.o
 .bss.g_ONENET_PUSH_RECV_MODE
                0x001e751f        0x1 build\gcc\obj/ril/src/ril_onenet.o
                0x001e751f                g_ONENET_PUSH_RECV_MODE
 .bss.recv_data_format
                0x001e7520        0x1 build\gcc\obj/ril/src/ril_socket.o
                0x001e7520                recv_data_format
 *fill*         0x001e7521        0x3 
 .bss.onenet_urc_param
                0x001e7524      0x4ec build\gcc\obj/ril/src/ril_urc.o
                0x001e7524                onenet_urc_param
 .bss.lwm2m_urc_param
                0x001e7a10      0x4c8 build\gcc\obj/ril/src/ril_urc.o
                0x001e7a10                lwm2m_urc_param
 .bss.socket_recv_param
                0x001e7ed8      0x4bc build\gcc\obj/ril/src/ril_urc.o
                0x001e7ed8                socket_recv_param
 .bss.g_atci_registered_table_number
                0x001e8394        0x4 build\gcc\obj/custom/atci_handler.o
                0x001e8394                g_atci_registered_table_number
 .bss.g_atci_cm4_general_hdlr_tables
                0x001e8398       0xa0 build\gcc\obj/custom/atci_main.o
                0x001e8398                g_atci_cm4_general_hdlr_tables
 .bss.g_port    0x001e8438        0x4 build\gcc\obj/custom/atci_main.o
 .bss.device    0x001e843c      0x102 build\gcc\obj/custom/device_info.o
                0x001e843c                device
 .bss.m_myUartPort
                0x001e853e        0x1 build\gcc\obj/custom/main.o
 .bss.tt_init   0x001e853f        0x1 build\gcc\obj/custom/main.o
 .bss.main_ticks
                0x001e8540        0x4 build\gcc\obj/custom/main.o
                0x001e8540                main_ticks
 .bss.sys_event_id
                0x001e8544        0x4 build\gcc\obj/custom/main.o
                0x001e8544                sys_event_id
 .bss.debug_buffer
                0x001e8548      0x200 build\gcc\obj/custom/main.o
                0x001e8548                debug_buffer
 .bss.g_input_command
                0x001e8748      0x208 build\gcc\obj/custom/main.o
 .bss.m_RxBuf_Uart
                0x001e8950      0x800 build\gcc\obj/custom/main.o
 .bss.send_reset_times.4377
                0x001e9150        0x4 build\gcc\obj/custom/proc_mqtt_task.o
 .bss.mqtt      0x001e9154       0x38 build\gcc\obj/custom/proc_mqtt_task.o
                0x001e9154                mqtt
 .bss.record    0x001e918c      0x100 build\gcc\obj/custom/proc_mqtt_task.o
                0x001e918c                record
 .bss.ccb       0x001e928c        0xc build\gcc\obj/custom/proc_nfc_task.o
 .bss.cnt.4485  0x001e9298        0x1 build\gcc\obj/custom/proc_nfc_task.o
 .bss.CT        0x001e9299        0x2 build\gcc\obj/drivers/nfc/si522.o
 .bss.nfc_tx_buf
                0x001e929b      0x100 build\gcc\obj/drivers/nfc/si522.o
 .bss.SN        0x001e939b        0x6 build\gcc\obj/drivers/nfc/si522.o
 *fill*         0x001e93a1        0x3 
 .bss.m_GPIO_Init
                0x001e93a4        0x4 libs/gcc/app_start.lib(gpio.o)
                0x001e93a4                m_GPIO_Init
 .bss.m_GPIO_GetLevel
                0x001e93a8        0x4 libs/gcc/app_start.lib(gpio.o)
                0x001e93a8                m_GPIO_GetLevel
 .bss.m_GPIO_SetLevel
                0x001e93ac        0x4 libs/gcc/app_start.lib(gpio.o)
                0x001e93ac                m_GPIO_SetLevel
 .bss.m_MEM_Alloc
                0x001e93b0        0x4 libs/gcc/app_start.lib(memory.o)
 .bss.m_MEM_Free
                0x001e93b4        0x4 libs/gcc/app_start.lib(memory.o)
 .bss.m_GetPowerOnReason
                0x001e93b8        0x4 libs/gcc/app_start.lib(power.o)
 .bss.m_SleepDisable
                0x001e93bc        0x4 libs/gcc/app_start.lib(power.o)
 .bss.m_SleepEnable
                0x001e93c0        0x4 libs/gcc/app_start.lib(power.o)
 .bss.m_PWM_Output
                0x001e93c4        0x4 libs/gcc/app_start.lib(pwm.o)
                0x001e93c4                m_PWM_Output
 .bss.m_PWM_Init
                0x001e93c8        0x4 libs/gcc/app_start.lib(pwm.o)
                0x001e93c8                m_PWM_Init
 .bss.m_create_api_hash
                0x001e93cc        0x4 libs/gcc/app_start.lib(ql_func.o)
                0x001e93cc                m_create_api_hash
 .bss.m_get_api_ptr
                0x001e93d0        0x4 libs/gcc/app_start.lib(ql_func.o)
                0x001e93d0                m_get_api_ptr
 .bss.Ql_sscanf
                0x001e93d4        0x4 libs/gcc/app_start.lib(ql_main.o)
                0x001e93d4                Ql_sscanf
 .bss.runinfo   0x001e93d8        0x8 libs/gcc/app_start.lib(ql_main.o)
                0x001e93d8                runinfo
 .bss.Ql_Debug_Trace
                0x001e93e0        0x4 libs/gcc/app_start.lib(ql_main.o)
                0x001e93e0                Ql_Debug_Trace
 .bss.Ql_sprintf
                0x001e93e4        0x4 libs/gcc/app_start.lib(ql_main.o)
                0x001e93e4                Ql_sprintf
 .bss.Ql_snprintf
                0x001e93e8        0x4 libs/gcc/app_start.lib(ql_main.o)
                0x001e93e8                Ql_snprintf
 .bss.init_size
                0x001e93ec        0x4 libs/gcc/app_start.lib(ql_main.o)
 .bss.g_ril_auxTaskReady
                0x001e93f0        0x1 libs/gcc/app_start.lib(ril_aux.o)
                0x001e93f0                g_ril_auxTaskReady
 *fill*         0x001e93f1        0x3 
 .bss.m_pATRspLineBuf
                0x001e93f4        0x4 libs/gcc/app_start.lib(ril_main.o)
 .bss.m_strATCmd
                0x001e93f8      0x578 libs/gcc/app_start.lib(ril_main.o)
 .bss.m_IsATHandling
                0x001e9970        0x1 libs/gcc/app_start.lib(ril_main.o)
 *fill*         0x001e9971        0x3 
 .bss.m_data    0x001e9974        0x8 libs/gcc/app_start.lib(ril_main.o)
 .bss.m_isRILInited
                0x001e997c        0x1 libs/gcc/app_start.lib(ril_main.o)
 *fill*         0x001e997d        0x3 
 .bss.m_nATRspBufLen
                0x001e9980        0x4 libs/gcc/app_start.lib(ril_main.o)
 .bss.m_nAtMutexId
                0x001e9984        0x4 libs/gcc/app_start.lib(ril_main.o)
 .bss.m_userdata
                0x001e9988        0x4 libs/gcc/app_start.lib(ril_main.o)
 .bss.g_nEventGrpId
                0x001e998c        0x4 libs/gcc/app_start.lib(ril_main.o)
 .bss.m_pATRspBuffer
                0x001e9990        0x4 libs/gcc/app_start.lib(ril_main.o)
 .bss.m_nATErrCode
                0x001e9994        0x4 libs/gcc/app_start.lib(ril_main.o)
 .bss.m_atRsp_callback
                0x001e9998        0x4 libs/gcc/app_start.lib(ril_main.o)
 .bss.m_nATRsp_Result
                0x001e999c        0x4 libs/gcc/app_start.lib(ril_main.o)
 .bss.m_Psm_Eint_Register
                0x001e99a0        0x4 libs/gcc/app_start.lib(rtc.o)
 .bss.m_SPI_Config
                0x001e99a4        0x4 libs/gcc/app_start.lib(spi.o)
                0x001e99a4                m_SPI_Config
 .bss.m_SPI_Init
                0x001e99a8        0x4 libs/gcc/app_start.lib(spi.o)
                0x001e99a8                m_SPI_Init
 .bss.m_SPI_Write
                0x001e99ac        0x4 libs/gcc/app_start.lib(spi.o)
                0x001e99ac                m_SPI_Write
 .bss.m_SPI_WriteRead
                0x001e99b0        0x4 libs/gcc/app_start.lib(spi.o)
                0x001e99b0                m_SPI_WriteRead
 .bss.m_strncmp
                0x001e99b4        0x4 libs/gcc/app_start.lib(stdlib_func.o)
 .bss.m_strncpy
                0x001e99b8        0x4 libs/gcc/app_start.lib(stdlib_func.o)
 .bss.m_memset  0x001e99bc        0x4 libs/gcc/app_start.lib(stdlib_func.o)
 .bss.m_memcpy  0x001e99c0        0x4 libs/gcc/app_start.lib(stdlib_func.o)
 .bss.m_strcpy  0x001e99c4        0x4 libs/gcc/app_start.lib(stdlib_func.o)
 .bss.m_memcmp  0x001e99c8        0x4 libs/gcc/app_start.lib(stdlib_func.o)
 .bss.m_strlen  0x001e99cc        0x4 libs/gcc/app_start.lib(stdlib_func.o)
 .bss.m_strcmp  0x001e99d0        0x4 libs/gcc/app_start.lib(stdlib_func.o)
 .bss.m_strstr  0x001e99d4        0x4 libs/gcc/app_start.lib(stdlib_func.o)
 .bss.m_strcat  0x001e99d8        0x4 libs/gcc/app_start.lib(stdlib_func.o)
 .bss.m_strchr  0x001e99dc        0x4 libs/gcc/app_start.lib(stdlib_func.o)
 .bss.m_Sleep   0x001e99e0        0x4 libs/gcc/app_start.lib(system.o)
 .bss.m_Reset   0x001e99e4        0x4 libs/gcc/app_start.lib(system.o)
 .bss.m_GetvFunc_Init_Status
                0x001e99e8        0x4 libs/gcc/app_start.lib(system.o)
 .bss.m_RIL_request_custom_command
                0x001e99ec        0x4 libs/gcc/app_start.lib(taskMngt.o)
 .bss.m_OS_CreateEvent
                0x001e99f0        0x4 libs/gcc/app_start.lib(taskMngt.o)
 .bss.m_OS_CreateMutex
                0x001e99f4        0x4 libs/gcc/app_start.lib(taskMngt.o)
 .bss.m_OS_SendMessageFromISR
                0x001e99f8        0x4 libs/gcc/app_start.lib(taskMngt.o)
 .bss.m_OS_SetEvent
                0x001e99fc        0x4 libs/gcc/app_start.lib(taskMngt.o)
 .bss.m_Ql_SecureData_Store
                0x001e9a00        0x4 libs/gcc/app_start.lib(taskMngt.o)
 .bss.m_OS_WaitEvent
                0x001e9a04        0x4 libs/gcc/app_start.lib(taskMngt.o)
 .bss.m_OS_TakeMutex
                0x001e9a08        0x4 libs/gcc/app_start.lib(taskMngt.o)
 .bss.m_OS_GiveMutex
                0x001e9a0c        0x4 libs/gcc/app_start.lib(taskMngt.o)
 .bss.m_OS_SendMessage
                0x001e9a10        0x4 libs/gcc/app_start.lib(taskMngt.o)
 .bss.m_Ql_SecureData_Read
                0x001e9a14        0x4 libs/gcc/app_start.lib(taskMngt.o)
 .bss.m_OS_GetMessage
                0x001e9a18        0x4 libs/gcc/app_start.lib(taskMngt.o)
 .bss.m_MKTime2CalendarTime
                0x001e9a1c        0x4 libs/gcc/app_start.lib(time.o)
 .bss.m_Mktime  0x001e9a20        0x4 libs/gcc/app_start.lib(time.o)
 .bss.m_GetLocalTime
                0x001e9a24        0x4 libs/gcc/app_start.lib(time.o)
 .bss.m_Timer_Register
                0x001e9a28        0x4 libs/gcc/app_start.lib(timer.o)
 .bss.m_Timer_Stop
                0x001e9a2c        0x4 libs/gcc/app_start.lib(timer.o)
 .bss.m_Timer_Start
                0x001e9a30        0x4 libs/gcc/app_start.lib(timer.o)
 .bss.m_Ql_UART_Open
                0x001e9a34        0x4 libs/gcc/app_start.lib(uart.o)
 .bss.m_Ql_UART_Read
                0x001e9a38        0x4 libs/gcc/app_start.lib(uart.o)
 .bss.m_Ql_UART_Register
                0x001e9a3c        0x4 libs/gcc/app_start.lib(uart.o)
 .bss.m_Ql_UART_Write
                0x001e9a40        0x4 libs/gcc/app_start.lib(uart.o)
                0x001e9a44                __bss_end__ = .
LOAD build\gcc\obj/custom/config/custom_sys_cfg.o
LOAD build\gcc\obj/custom/config/sys_config.o
LOAD build\gcc\obj/ril/src/ril_atResponse.o
LOAD build\gcc\obj/ril/src/ril_dfota.o
LOAD build\gcc\obj/ril/src/ril_init.o
LOAD build\gcc\obj/ril/src/ril_lwm2m.o
LOAD build\gcc\obj/ril/src/ril_mqtt.o
LOAD build\gcc\obj/ril/src/ril_network.o
LOAD build\gcc\obj/ril/src/ril_onenet.o
LOAD build\gcc\obj/ril/src/ril_socket.o
LOAD build\gcc\obj/ril/src/ril_system.o
LOAD build\gcc\obj/ril/src/ril_urc.o
LOAD build\gcc\obj/ril/src/ril_util.o
LOAD build\gcc\obj/example/example_adc.o
LOAD build\gcc\obj/example/example_dfota_http.o
LOAD build\gcc\obj/example/example_eint.o
LOAD build\gcc\obj/example/example_float_math.o
LOAD build\gcc\obj/example/example_gpio.o
LOAD build\gcc\obj/example/example_iic.o
LOAD build\gcc\obj/example/example_lwm2m.o
LOAD build\gcc\obj/example/example_memory.o
LOAD build\gcc\obj/example/example_multitask.o
LOAD build\gcc\obj/example/example_onenet.o
LOAD build\gcc\obj/example/example_pwm.o
LOAD build\gcc\obj/example/example_rtc.o
LOAD build\gcc\obj/example/example_spi.o
LOAD build\gcc\obj/example/example_system.o
LOAD build\gcc\obj/example/example_tcpclient.o
LOAD build\gcc\obj/example/example_time.o
LOAD build\gcc\obj/example/example_timer.o
LOAD build\gcc\obj/example/example_udpclient.o
LOAD build\gcc\obj/example/example_watchdog.o
LOAD build\gcc\obj/example/utility.o
LOAD build\gcc\obj/custom/at_command_mtcfg.o
LOAD build\gcc\obj/custom/at_command_mtpub.o
LOAD build\gcc\obj/custom/at_command_mtsub.o
LOAD build\gcc\obj/custom/at_command_nbreset.o
LOAD build\gcc\obj/custom/at_command_reboot.o
LOAD build\gcc\obj/custom/at_command_ttdebug.o
LOAD build\gcc\obj/custom/at_command_ttdevice.o
LOAD build\gcc\obj/custom/at_command_ttvolume.o
LOAD build\gcc\obj/custom/atci.o
LOAD build\gcc\obj/custom/atci_handler.o
LOAD build\gcc\obj/custom/atci_main.o
LOAD build\gcc\obj/custom/base64.o
LOAD build\gcc\obj/custom/crc16.o
LOAD build\gcc\obj/custom/device_info.o
LOAD build\gcc\obj/custom/main.o
LOAD build\gcc\obj/custom/proc_mqtt_task.o
LOAD build\gcc\obj/custom/proc_nfc_task.o
LOAD build\gcc\obj/drivers/nfc/si522.o
LOAD libs/gcc/app_start.lib
LOAD tools\gcc\win\gcc-arm-none-eabi/arm-none-eabi/lib/armv7e-m/fpu/libm.a
LOAD tools\gcc\win\gcc-arm-none-eabi/arm-none-eabi/lib/armv7e-m/fpu/libc.a
LOAD tools\gcc\win\gcc-arm-none-eabi/lib/gcc/arm-none-eabi/4.8.3/armv7e-m/fpu/libgcc.a
OUTPUT(build\gcc/APPGS3MDM32A01.elf elf32-littlearm)

.debug_info     0x00000000    0x1d05a
 .debug_info    0x00000000      0x382 build\gcc\obj/custom/config/custom_sys_cfg.o
 .debug_info    0x00000382      0x29a build\gcc\obj/custom/config/sys_config.o
 .debug_info    0x0000061c      0x300 build\gcc\obj/ril/src/ril_atResponse.o
 .debug_info    0x0000091c      0x493 build\gcc\obj/ril/src/ril_dfota.o
 .debug_info    0x00000daf       0xfc build\gcc\obj/ril/src/ril_init.o
 .debug_info    0x00000eab     0x143c build\gcc\obj/ril/src/ril_lwm2m.o
 .debug_info    0x000022e7      0xd0c build\gcc\obj/ril/src/ril_mqtt.o
 .debug_info    0x00002ff3      0x516 build\gcc\obj/ril/src/ril_network.o
 .debug_info    0x00003509     0x1890 build\gcc\obj/ril/src/ril_onenet.o
 .debug_info    0x00004d99     0x11bf build\gcc\obj/ril/src/ril_socket.o
 .debug_info    0x00005f58     0x14c0 build\gcc\obj/ril/src/ril_system.o
 .debug_info    0x00007418     0x2a25 build\gcc\obj/ril/src/ril_urc.o
 .debug_info    0x00009e3d      0x5a6 build\gcc\obj/ril/src/ril_util.o
 .debug_info    0x0000a3e3      0x9a6 build\gcc\obj/custom/at_command_mtcfg.o
 .debug_info    0x0000ad89      0x664 build\gcc\obj/custom/at_command_mtpub.o
 .debug_info    0x0000b3ed      0x657 build\gcc\obj/custom/at_command_mtsub.o
 .debug_info    0x0000ba44      0x293 build\gcc\obj/custom/at_command_nbreset.o
 .debug_info    0x0000bcd7      0x2a2 build\gcc\obj/custom/at_command_reboot.o
 .debug_info    0x0000bf79      0x67b build\gcc\obj/custom/at_command_ttdebug.o
 .debug_info    0x0000c5f4      0x772 build\gcc\obj/custom/at_command_ttdevice.o
 .debug_info    0x0000cd66      0x62a build\gcc\obj/custom/at_command_ttvolume.o
 .debug_info    0x0000d390      0x4fe build\gcc\obj/custom/atci.o
 .debug_info    0x0000d88e      0xc9e build\gcc\obj/custom/atci_handler.o
 .debug_info    0x0000e52c      0x5b7 build\gcc\obj/custom/atci_main.o
 .debug_info    0x0000eae3      0x1fe build\gcc\obj/custom/base64.o
 .debug_info    0x0000ece1      0x12d build\gcc\obj/custom/crc16.o
 .debug_info    0x0000ee0e      0x68c build\gcc\obj/custom/device_info.o
 .debug_info    0x0000f49a     0x145c build\gcc\obj/custom/main.o
 .debug_info    0x000108f6     0x1329 build\gcc\obj/custom/proc_mqtt_task.o
 .debug_info    0x00011c1f      0xd04 build\gcc\obj/custom/proc_nfc_task.o
 .debug_info    0x00012923     0x1614 build\gcc\obj/drivers/nfc/si522.o
 .debug_info    0x00013f37      0x99a libs/gcc/app_start.lib(gpio.o)
 .debug_info    0x000148d1      0x24e libs/gcc/app_start.lib(memory.o)
 .debug_info    0x00014b1f      0x567 libs/gcc/app_start.lib(power.o)
 .debug_info    0x00015086      0x75b libs/gcc/app_start.lib(pwm.o)
 .debug_info    0x000157e1      0x9b2 libs/gcc/app_start.lib(ql_func.o)
 .debug_info    0x00016193      0x6f8 libs/gcc/app_start.lib(ql_main.o)
 .debug_info    0x0001688b      0x19b libs/gcc/app_start.lib(ril_aux.o)
 .debug_info    0x00016a26     0x123e libs/gcc/app_start.lib(ril_main.o)
 .debug_info    0x00017c64      0x75c libs/gcc/app_start.lib(rtc.o)
 .debug_info    0x000183c0      0x954 libs/gcc/app_start.lib(spi.o)
 .debug_info    0x00018d14     0x12eb libs/gcc/app_start.lib(stdlib_func.o)
 .debug_info    0x00019fff      0x6c8 libs/gcc/app_start.lib(system.o)
 .debug_info    0x0001a6c7     0x10b4 libs/gcc/app_start.lib(taskMngt.o)
 .debug_info    0x0001b77b      0x71b libs/gcc/app_start.lib(time.o)
 .debug_info    0x0001be96      0x739 libs/gcc/app_start.lib(timer.o)
 .debug_info    0x0001c5cf      0xa1c libs/gcc/app_start.lib(uart.o)
 .debug_info    0x0001cfeb       0x6f libs/gcc/app_start.lib(ocpu_init.o)

.debug_abbrev   0x00000000     0x555b
 .debug_abbrev  0x00000000       0xe8 build\gcc\obj/custom/config/custom_sys_cfg.o
 .debug_abbrev  0x000000e8       0xc2 build\gcc\obj/custom/config/sys_config.o
 .debug_abbrev  0x000001aa      0x178 build\gcc\obj/ril/src/ril_atResponse.o
 .debug_abbrev  0x00000322      0x18e build\gcc\obj/ril/src/ril_dfota.o
 .debug_abbrev  0x000004b0       0x86 build\gcc\obj/ril/src/ril_init.o
 .debug_abbrev  0x00000536      0x296 build\gcc\obj/ril/src/ril_lwm2m.o
 .debug_abbrev  0x000007cc      0x28e build\gcc\obj/ril/src/ril_mqtt.o
 .debug_abbrev  0x00000a5a      0x1dc build\gcc\obj/ril/src/ril_network.o
 .debug_abbrev  0x00000c36      0x2fa build\gcc\obj/ril/src/ril_onenet.o
 .debug_abbrev  0x00000f30      0x283 build\gcc\obj/ril/src/ril_socket.o
 .debug_abbrev  0x000011b3      0x28a build\gcc\obj/ril/src/ril_system.o
 .debug_abbrev  0x0000143d      0x328 build\gcc\obj/ril/src/ril_urc.o
 .debug_abbrev  0x00001765      0x13e build\gcc\obj/ril/src/ril_util.o
 .debug_abbrev  0x000018a3      0x1e8 build\gcc\obj/custom/at_command_mtcfg.o
 .debug_abbrev  0x00001a8b      0x19f build\gcc\obj/custom/at_command_mtpub.o
 .debug_abbrev  0x00001c2a      0x1bf build\gcc\obj/custom/at_command_mtsub.o
 .debug_abbrev  0x00001de9      0x117 build\gcc\obj/custom/at_command_nbreset.o
 .debug_abbrev  0x00001f00      0x117 build\gcc\obj/custom/at_command_reboot.o
 .debug_abbrev  0x00002017      0x1cb build\gcc\obj/custom/at_command_ttdebug.o
 .debug_abbrev  0x000021e2      0x1ba build\gcc\obj/custom/at_command_ttdevice.o
 .debug_abbrev  0x0000239c      0x19f build\gcc\obj/custom/at_command_ttvolume.o
 .debug_abbrev  0x0000253b      0x1f1 build\gcc\obj/custom/atci.o
 .debug_abbrev  0x0000272c      0x330 build\gcc\obj/custom/atci_handler.o
 .debug_abbrev  0x00002a5c      0x1fe build\gcc\obj/custom/atci_main.o
 .debug_abbrev  0x00002c5a       0xb3 build\gcc\obj/custom/base64.o
 .debug_abbrev  0x00002d0d       0xc2 build\gcc\obj/custom/crc16.o
 .debug_abbrev  0x00002dcf      0x215 build\gcc\obj/custom/device_info.o
 .debug_abbrev  0x00002fe4      0x359 build\gcc\obj/custom/main.o
 .debug_abbrev  0x0000333d      0x399 build\gcc\obj/custom/proc_mqtt_task.o
 .debug_abbrev  0x000036d6      0x34b build\gcc\obj/custom/proc_nfc_task.o
 .debug_abbrev  0x00003a21      0x2f8 build\gcc\obj/drivers/nfc/si522.o
 .debug_abbrev  0x00003d19      0x119 libs/gcc/app_start.lib(gpio.o)
 .debug_abbrev  0x00003e32      0x13f libs/gcc/app_start.lib(memory.o)
 .debug_abbrev  0x00003f71      0x101 libs/gcc/app_start.lib(power.o)
 .debug_abbrev  0x00004072      0x10a libs/gcc/app_start.lib(pwm.o)
 .debug_abbrev  0x0000417c      0x176 libs/gcc/app_start.lib(ql_func.o)
 .debug_abbrev  0x000042f2      0x1c5 libs/gcc/app_start.lib(ql_main.o)
 .debug_abbrev  0x000044b7      0x10b libs/gcc/app_start.lib(ril_aux.o)
 .debug_abbrev  0x000045c2      0x3ec libs/gcc/app_start.lib(ril_main.o)
 .debug_abbrev  0x000049ae      0x10c libs/gcc/app_start.lib(rtc.o)
 .debug_abbrev  0x00004aba      0x119 libs/gcc/app_start.lib(spi.o)
 .debug_abbrev  0x00004bd3      0x248 libs/gcc/app_start.lib(stdlib_func.o)
 .debug_abbrev  0x00004e1b      0x190 libs/gcc/app_start.lib(system.o)
 .debug_abbrev  0x00004fab      0x202 libs/gcc/app_start.lib(taskMngt.o)
 .debug_abbrev  0x000051ad      0x132 libs/gcc/app_start.lib(time.o)
 .debug_abbrev  0x000052df      0x10c libs/gcc/app_start.lib(timer.o)
 .debug_abbrev  0x000053eb      0x15c libs/gcc/app_start.lib(uart.o)
 .debug_abbrev  0x00005547       0x14 libs/gcc/app_start.lib(ocpu_init.o)

.debug_aranges  0x00000000      0xda0
 .debug_aranges
                0x00000000       0x20 build\gcc\obj/custom/config/custom_sys_cfg.o
 .debug_aranges
                0x00000020       0x18 build\gcc\obj/custom/config/sys_config.o
 .debug_aranges
                0x00000038       0x30 build\gcc\obj/ril/src/ril_atResponse.o
 .debug_aranges
                0x00000068       0x30 build\gcc\obj/ril/src/ril_dfota.o
 .debug_aranges
                0x00000098       0x28 build\gcc\obj/ril/src/ril_init.o
 .debug_aranges
                0x000000c0       0xa0 build\gcc\obj/ril/src/ril_lwm2m.o
 .debug_aranges
                0x00000160       0x98 build\gcc\obj/ril/src/ril_mqtt.o
 .debug_aranges
                0x000001f8       0x30 build\gcc\obj/ril/src/ril_network.o
 .debug_aranges
                0x00000228       0xa8 build\gcc\obj/ril/src/ril_onenet.o
 .debug_aranges
                0x000002d0       0x78 build\gcc\obj/ril/src/ril_socket.o
 .debug_aranges
                0x00000348       0x78 build\gcc\obj/ril/src/ril_system.o
 .debug_aranges
                0x000003c0       0xd8 build\gcc\obj/ril/src/ril_urc.o
 .debug_aranges
                0x00000498       0x48 build\gcc\obj/ril/src/ril_util.o
 .debug_aranges
                0x000004e0       0x20 build\gcc\obj/custom/at_command_mtcfg.o
 .debug_aranges
                0x00000500       0x20 build\gcc\obj/custom/at_command_mtpub.o
 .debug_aranges
                0x00000520       0x20 build\gcc\obj/custom/at_command_mtsub.o
 .debug_aranges
                0x00000540       0x20 build\gcc\obj/custom/at_command_nbreset.o
 .debug_aranges
                0x00000560       0x20 build\gcc\obj/custom/at_command_reboot.o
 .debug_aranges
                0x00000580       0x20 build\gcc\obj/custom/at_command_ttdebug.o
 .debug_aranges
                0x000005a0       0x20 build\gcc\obj/custom/at_command_ttdevice.o
 .debug_aranges
                0x000005c0       0x20 build\gcc\obj/custom/at_command_ttvolume.o
 .debug_aranges
                0x000005e0       0x28 build\gcc\obj/custom/atci.o
 .debug_aranges
                0x00000608       0x40 build\gcc\obj/custom/atci_handler.o
 .debug_aranges
                0x00000648       0x50 build\gcc\obj/custom/atci_main.o
 .debug_aranges
                0x00000698       0x28 build\gcc\obj/custom/base64.o
 .debug_aranges
                0x000006c0       0x20 build\gcc\obj/custom/crc16.o
 .debug_aranges
                0x000006e0       0x30 build\gcc\obj/custom/device_info.o
 .debug_aranges
                0x00000710       0x58 build\gcc\obj/custom/main.o
 .debug_aranges
                0x00000768       0x50 build\gcc\obj/custom/proc_mqtt_task.o
 .debug_aranges
                0x000007b8       0x58 build\gcc\obj/custom/proc_nfc_task.o
 .debug_aranges
                0x00000810       0xc8 build\gcc\obj/drivers/nfc/si522.o
 .debug_aranges
                0x000008d8       0x50 libs/gcc/app_start.lib(gpio.o)
 .debug_aranges
                0x00000928       0x28 libs/gcc/app_start.lib(memory.o)
 .debug_aranges
                0x00000950       0x30 libs/gcc/app_start.lib(power.o)
 .debug_aranges
                0x00000980       0x30 libs/gcc/app_start.lib(pwm.o)
 .debug_aranges
                0x000009b0       0x50 libs/gcc/app_start.lib(ql_func.o)
 .debug_aranges
                0x00000a00       0x28 libs/gcc/app_start.lib(ql_main.o)
 .debug_aranges
                0x00000a28       0x20 libs/gcc/app_start.lib(ril_aux.o)
 .debug_aranges
                0x00000a48       0x58 libs/gcc/app_start.lib(ril_main.o)
 .debug_aranges
                0x00000aa0       0x38 libs/gcc/app_start.lib(rtc.o)
 .debug_aranges
                0x00000ad8       0x40 libs/gcc/app_start.lib(spi.o)
 .debug_aranges
                0x00000b18       0xc0 libs/gcc/app_start.lib(stdlib_func.o)
 .debug_aranges
                0x00000bd8       0x38 libs/gcc/app_start.lib(system.o)
 .debug_aranges
                0x00000c10       0xb8 libs/gcc/app_start.lib(taskMngt.o)
 .debug_aranges
                0x00000cc8       0x38 libs/gcc/app_start.lib(time.o)
 .debug_aranges
                0x00000d00       0x38 libs/gcc/app_start.lib(timer.o)
 .debug_aranges
                0x00000d38       0x48 libs/gcc/app_start.lib(uart.o)
 .debug_aranges
                0x00000d80       0x20 libs/gcc/app_start.lib(ocpu_init.o)

.debug_ranges   0x00000000     0x11f8
 .debug_ranges  0x00000000       0x10 build\gcc\obj/custom/config/custom_sys_cfg.o
 .debug_ranges  0x00000010       0x20 build\gcc\obj/ril/src/ril_atResponse.o
 .debug_ranges  0x00000030       0x20 build\gcc\obj/ril/src/ril_dfota.o
 .debug_ranges  0x00000050       0x18 build\gcc\obj/ril/src/ril_init.o
 .debug_ranges  0x00000068       0x90 build\gcc\obj/ril/src/ril_lwm2m.o
 .debug_ranges  0x000000f8       0xa8 build\gcc\obj/ril/src/ril_mqtt.o
 .debug_ranges  0x000001a0       0x20 build\gcc\obj/ril/src/ril_network.o
 .debug_ranges  0x000001c0       0xb0 build\gcc\obj/ril/src/ril_onenet.o
 .debug_ranges  0x00000270       0x80 build\gcc\obj/ril/src/ril_socket.o
 .debug_ranges  0x000002f0      0x180 build\gcc\obj/ril/src/ril_system.o
 .debug_ranges  0x00000470       0xe0 build\gcc\obj/ril/src/ril_urc.o
 .debug_ranges  0x00000550       0x38 build\gcc\obj/ril/src/ril_util.o
 .debug_ranges  0x00000588       0x10 build\gcc\obj/custom/at_command_mtcfg.o
 .debug_ranges  0x00000598       0x10 build\gcc\obj/custom/at_command_mtpub.o
 .debug_ranges  0x000005a8       0x10 build\gcc\obj/custom/at_command_mtsub.o
 .debug_ranges  0x000005b8       0x10 build\gcc\obj/custom/at_command_nbreset.o
 .debug_ranges  0x000005c8       0x10 build\gcc\obj/custom/at_command_reboot.o
 .debug_ranges  0x000005d8       0x10 build\gcc\obj/custom/at_command_ttdebug.o
 .debug_ranges  0x000005e8       0x10 build\gcc\obj/custom/at_command_ttdevice.o
 .debug_ranges  0x000005f8       0x10 build\gcc\obj/custom/at_command_ttvolume.o
 .debug_ranges  0x00000608       0x60 build\gcc\obj/custom/atci.o
 .debug_ranges  0x00000668       0xa8 build\gcc\obj/custom/atci_handler.o
 .debug_ranges  0x00000710       0x40 build\gcc\obj/custom/atci_main.o
 .debug_ranges  0x00000750       0x18 build\gcc\obj/custom/base64.o
 .debug_ranges  0x00000768       0x10 build\gcc\obj/custom/crc16.o
 .debug_ranges  0x00000778       0x20 build\gcc\obj/custom/device_info.o
 .debug_ranges  0x00000798       0x60 build\gcc\obj/custom/main.o
 .debug_ranges  0x000007f8       0x70 build\gcc\obj/custom/proc_mqtt_task.o
 .debug_ranges  0x00000868       0x60 build\gcc\obj/custom/proc_nfc_task.o
 .debug_ranges  0x000008c8       0xb8 build\gcc\obj/drivers/nfc/si522.o
 .debug_ranges  0x00000980       0xe8 libs/gcc/app_start.lib(gpio.o)
 .debug_ranges  0x00000a68       0x18 libs/gcc/app_start.lib(memory.o)
 .debug_ranges  0x00000a80       0x68 libs/gcc/app_start.lib(power.o)
 .debug_ranges  0x00000ae8       0x68 libs/gcc/app_start.lib(pwm.o)
 .debug_ranges  0x00000b50       0x70 libs/gcc/app_start.lib(ql_func.o)
 .debug_ranges  0x00000bc0       0x18 libs/gcc/app_start.lib(ql_main.o)
 .debug_ranges  0x00000bd8       0x10 libs/gcc/app_start.lib(ril_aux.o)
 .debug_ranges  0x00000be8       0xb0 libs/gcc/app_start.lib(ril_main.o)
 .debug_ranges  0x00000c98       0x88 libs/gcc/app_start.lib(rtc.o)
 .debug_ranges  0x00000d20       0xa8 libs/gcc/app_start.lib(spi.o)
 .debug_ranges  0x00000dc8      0x110 libs/gcc/app_start.lib(stdlib_func.o)
 .debug_ranges  0x00000ed8       0x28 libs/gcc/app_start.lib(system.o)
 .debug_ranges  0x00000f00      0x168 libs/gcc/app_start.lib(taskMngt.o)
 .debug_ranges  0x00001068       0x58 libs/gcc/app_start.lib(time.o)
 .debug_ranges  0x000010c0       0x88 libs/gcc/app_start.lib(timer.o)
 .debug_ranges  0x00001148       0xb0 libs/gcc/app_start.lib(uart.o)

.debug_line     0x00000000     0x5647
 .debug_line    0x00000000       0x8f build\gcc\obj/custom/config/custom_sys_cfg.o
 .debug_line    0x0000008f       0x7b build\gcc\obj/custom/config/sys_config.o
 .debug_line    0x0000010a       0xc2 build\gcc\obj/ril/src/ril_atResponse.o
 .debug_line    0x000001cc       0xca build\gcc\obj/ril/src/ril_dfota.o
 .debug_line    0x00000296       0x69 build\gcc\obj/ril/src/ril_init.o
 .debug_line    0x000002ff      0x276 build\gcc\obj/ril/src/ril_lwm2m.o
 .debug_line    0x00000575      0x20d build\gcc\obj/ril/src/ril_mqtt.o
 .debug_line    0x00000782       0xe7 build\gcc\obj/ril/src/ril_network.o
 .debug_line    0x00000869      0x28c build\gcc\obj/ril/src/ril_onenet.o
 .debug_line    0x00000af5      0x229 build\gcc\obj/ril/src/ril_socket.o
 .debug_line    0x00000d1e      0x410 build\gcc\obj/ril/src/ril_system.o
 .debug_line    0x0000112e      0x64e build\gcc\obj/ril/src/ril_urc.o
 .debug_line    0x0000177c      0x187 build\gcc\obj/ril/src/ril_util.o
 .debug_line    0x00001903      0x1fb build\gcc\obj/custom/at_command_mtcfg.o
 .debug_line    0x00001afe      0x1cf build\gcc\obj/custom/at_command_mtpub.o
 .debug_line    0x00001ccd      0x1bc build\gcc\obj/custom/at_command_mtsub.o
 .debug_line    0x00001e89      0x191 build\gcc\obj/custom/at_command_nbreset.o
 .debug_line    0x0000201a      0x190 build\gcc\obj/custom/at_command_reboot.o
 .debug_line    0x000021aa      0x1c1 build\gcc\obj/custom/at_command_ttdebug.o
 .debug_line    0x0000236b      0x1dd build\gcc\obj/custom/at_command_ttdevice.o
 .debug_line    0x00002548      0x1c5 build\gcc\obj/custom/at_command_ttvolume.o
 .debug_line    0x0000270d      0x1fd build\gcc\obj/custom/atci.o
 .debug_line    0x0000290a      0x32b build\gcc\obj/custom/atci_handler.o
 .debug_line    0x00002c35      0x209 build\gcc\obj/custom/atci_main.o
 .debug_line    0x00002e3e      0x1d4 build\gcc\obj/custom/base64.o
 .debug_line    0x00003012      0x188 build\gcc\obj/custom/crc16.o
 .debug_line    0x0000319a      0x20d build\gcc\obj/custom/device_info.o
 .debug_line    0x000033a7      0x311 build\gcc\obj/custom/main.o
 .debug_line    0x000036b8      0x3a9 build\gcc\obj/custom/proc_mqtt_task.o
 .debug_line    0x00003a61      0x2f1 build\gcc\obj/custom/proc_nfc_task.o
 .debug_line    0x00003d52      0x4a1 build\gcc\obj/drivers/nfc/si522.o
 .debug_line    0x000041f3      0x13c libs/gcc/app_start.lib(gpio.o)
 .debug_line    0x0000432f       0xb1 libs/gcc/app_start.lib(memory.o)
 .debug_line    0x000043e0       0xc9 libs/gcc/app_start.lib(power.o)
 .debug_line    0x000044a9       0xe2 libs/gcc/app_start.lib(pwm.o)
 .debug_line    0x0000458b      0x12a libs/gcc/app_start.lib(ql_func.o)
 .debug_line    0x000046b5       0xf9 libs/gcc/app_start.lib(ql_main.o)
 .debug_line    0x000047ae       0x75 libs/gcc/app_start.lib(ril_aux.o)
 .debug_line    0x00004823      0x2a9 libs/gcc/app_start.lib(ril_main.o)
 .debug_line    0x00004acc       0xeb libs/gcc/app_start.lib(rtc.o)
 .debug_line    0x00004bb7      0x10d libs/gcc/app_start.lib(spi.o)
 .debug_line    0x00004cc4      0x2cb libs/gcc/app_start.lib(stdlib_func.o)
 .debug_line    0x00004f8f       0xf2 libs/gcc/app_start.lib(system.o)
 .debug_line    0x00005081      0x27e libs/gcc/app_start.lib(taskMngt.o)
 .debug_line    0x000052ff       0xeb libs/gcc/app_start.lib(time.o)
 .debug_line    0x000053ea       0xef libs/gcc/app_start.lib(timer.o)
 .debug_line    0x000054d9      0x11d libs/gcc/app_start.lib(uart.o)
 .debug_line    0x000055f6       0x51 libs/gcc/app_start.lib(ocpu_init.o)

.debug_str      0x00000000     0x6164
 .debug_str     0x00000000      0x57b build\gcc\obj/custom/config/custom_sys_cfg.o
                                0x5a9 (size before relaxing)
 .debug_str     0x0000057b      0x177 build\gcc\obj/custom/config/sys_config.o
                                0x4bd (size before relaxing)
 .debug_str     0x000006f2       0xcb build\gcc\obj/ril/src/ril_atResponse.o
                                0x2e3 (size before relaxing)
 .debug_str     0x000007bd      0x1b9 build\gcc\obj/ril/src/ril_dfota.o
                                0x3c9 (size before relaxing)
 .debug_str     0x00000976       0x53 build\gcc\obj/ril/src/ril_init.o
                                0x250 (size before relaxing)
 .debug_str     0x000009c9      0x367 build\gcc\obj/ril/src/ril_lwm2m.o
                                0x658 (size before relaxing)
 .debug_str     0x00000d30      0x331 build\gcc\obj/ril/src/ril_mqtt.o
                                0x628 (size before relaxing)
 .debug_str     0x00001061      0x13b build\gcc\obj/ril/src/ril_network.o
                                0x3ff (size before relaxing)
 .debug_str     0x0000119c      0x694 build\gcc\obj/ril/src/ril_onenet.o
                                0xa13 (size before relaxing)
 .debug_str     0x00001830      0x324 build\gcc\obj/ril/src/ril_socket.o
                                0x692 (size before relaxing)
 .debug_str     0x00001b54      0x1f5 build\gcc\obj/ril/src/ril_system.o
                                0x586 (size before relaxing)
 .debug_str     0x00001d49      0x7ad build\gcc\obj/ril/src/ril_urc.o
                                0xe34 (size before relaxing)
 .debug_str     0x000024f6       0x8c build\gcc\obj/ril/src/ril_util.o
                                0x2ca (size before relaxing)
 .debug_str     0x00002582      0x301 build\gcc\obj/custom/at_command_mtcfg.o
                                0x5df (size before relaxing)
 .debug_str     0x00002883       0x29 build\gcc\obj/custom/at_command_mtpub.o
                                0x5d8 (size before relaxing)
 .debug_str     0x000028ac       0x51 build\gcc\obj/custom/at_command_mtsub.o
                                0x5e7 (size before relaxing)
 .debug_str     0x000028fd       0x2d build\gcc\obj/custom/at_command_nbreset.o
                                0x3fa (size before relaxing)
 .debug_str     0x0000292a       0x2b build\gcc\obj/custom/at_command_reboot.o
                                0x3f8 (size before relaxing)
 .debug_str     0x00002955       0x2d build\gcc\obj/custom/at_command_ttdebug.o
                                0x5ea (size before relaxing)
 .debug_str     0x00002982       0x3b build\gcc\obj/custom/at_command_ttdevice.o
                                0x5ea (size before relaxing)
 .debug_str     0x000029bd       0x2f build\gcc\obj/custom/at_command_ttvolume.o
                                0x5f2 (size before relaxing)
 .debug_str     0x000029ec       0xb9 build\gcc\obj/custom/atci.o
                                0x450 (size before relaxing)
 .debug_str     0x00002aa5      0x314 build\gcc\obj/custom/atci_handler.o
                                0x7fa (size before relaxing)
 .debug_str     0x00002db9       0x93 build\gcc\obj/custom/atci_main.o
                                0x50a (size before relaxing)
 .debug_str     0x00002e4c       0x3e build\gcc\obj/custom/base64.o
                                0x27c (size before relaxing)
 .debug_str     0x00002e8a       0x1e build\gcc\obj/custom/crc16.o
                                0x25f (size before relaxing)
 .debug_str     0x00002ea8       0x70 build\gcc\obj/custom/device_info.o
                                0x41f (size before relaxing)
 .debug_str     0x00002f18     0x1194 build\gcc\obj/custom/main.o
                               0x1a0e (size before relaxing)
 .debug_str     0x000040ac      0x2e1 build\gcc\obj/custom/proc_mqtt_task.o
                                0x923 (size before relaxing)
 .debug_str     0x0000438d      0x136 build\gcc\obj/custom/proc_nfc_task.o
                                0x709 (size before relaxing)
 .debug_str     0x000044c3      0x22b build\gcc\obj/drivers/nfc/si522.o
                                0x4e7 (size before relaxing)
 .debug_str     0x000046ee      0x21a libs/gcc/app_start.lib(gpio.o)
                               0x138d (size before relaxing)
 .debug_str     0x00004908       0x71 libs/gcc/app_start.lib(memory.o)
                                0x293 (size before relaxing)
 .debug_str     0x00004979       0x92 libs/gcc/app_start.lib(power.o)
                               0x10ac (size before relaxing)
 .debug_str     0x00004a0b       0xf2 libs/gcc/app_start.lib(pwm.o)
                               0x1285 (size before relaxing)
 .debug_str     0x00004afd      0x29f libs/gcc/app_start.lib(ql_func.o)
                               0x12e9 (size before relaxing)
 .debug_str     0x00004d9c      0x1e6 libs/gcc/app_start.lib(ql_main.o)
                                0x777 (size before relaxing)
 .debug_str     0x00004f82       0x48 libs/gcc/app_start.lib(ril_aux.o)
                                0x297 (size before relaxing)
 .debug_str     0x00004fca      0x2ff libs/gcc/app_start.lib(ril_main.o)
                               0x14c4 (size before relaxing)
 .debug_str     0x000052c9      0x10d libs/gcc/app_start.lib(rtc.o)
                               0x1149 (size before relaxing)
 .debug_str     0x000053d6      0x147 libs/gcc/app_start.lib(spi.o)
                               0x1279 (size before relaxing)
 .debug_str     0x0000551d      0x280 libs/gcc/app_start.lib(stdlib_func.o)
                               0x12d9 (size before relaxing)
 .debug_str     0x0000579d       0xdf libs/gcc/app_start.lib(system.o)
                               0x10ef (size before relaxing)
 .debug_str     0x0000587c      0x4f6 libs/gcc/app_start.lib(taskMngt.o)
                               0x15ce (size before relaxing)
 .debug_str     0x00005d72       0xf8 libs/gcc/app_start.lib(time.o)
                               0x1125 (size before relaxing)
 .debug_str     0x00005e6a      0x117 libs/gcc/app_start.lib(timer.o)
                               0x1134 (size before relaxing)
 .debug_str     0x00005f81      0x1e3 libs/gcc/app_start.lib(uart.o)
                               0x1347 (size before relaxing)

.comment        0x00000000       0x70
 .comment       0x00000000       0x70 build\gcc\obj/custom/config/custom_sys_cfg.o
                                 0x71 (size before relaxing)
 .comment       0x00000000       0x71 build\gcc\obj/custom/config/sys_config.o
 .comment       0x00000000       0x71 build\gcc\obj/ril/src/ril_atResponse.o
 .comment       0x00000000       0x71 build\gcc\obj/ril/src/ril_dfota.o
 .comment       0x00000000       0x71 build\gcc\obj/ril/src/ril_init.o
 .comment       0x00000000       0x71 build\gcc\obj/ril/src/ril_lwm2m.o
 .comment       0x00000000       0x71 build\gcc\obj/ril/src/ril_mqtt.o
 .comment       0x00000000       0x71 build\gcc\obj/ril/src/ril_network.o
 .comment       0x00000000       0x71 build\gcc\obj/ril/src/ril_onenet.o
 .comment       0x00000000       0x71 build\gcc\obj/ril/src/ril_socket.o
 .comment       0x00000000       0x71 build\gcc\obj/ril/src/ril_system.o
 .comment       0x00000000       0x71 build\gcc\obj/ril/src/ril_urc.o
 .comment       0x00000000       0x71 build\gcc\obj/ril/src/ril_util.o
 .comment       0x00000000       0x71 build\gcc\obj/custom/at_command_mtcfg.o
 .comment       0x00000000       0x71 build\gcc\obj/custom/at_command_mtpub.o
 .comment       0x00000000       0x71 build\gcc\obj/custom/at_command_mtsub.o
 .comment       0x00000000       0x71 build\gcc\obj/custom/at_command_nbreset.o
 .comment       0x00000000       0x71 build\gcc\obj/custom/at_command_reboot.o
 .comment       0x00000000       0x71 build\gcc\obj/custom/at_command_ttdebug.o
 .comment       0x00000000       0x71 build\gcc\obj/custom/at_command_ttdevice.o
 .comment       0x00000000       0x71 build\gcc\obj/custom/at_command_ttvolume.o
 .comment       0x00000000       0x71 build\gcc\obj/custom/atci.o
 .comment       0x00000000       0x71 build\gcc\obj/custom/atci_handler.o
 .comment       0x00000000       0x71 build\gcc\obj/custom/atci_main.o
 .comment       0x00000000       0x71 build\gcc\obj/custom/base64.o
 .comment       0x00000000       0x71 build\gcc\obj/custom/crc16.o
 .comment       0x00000000       0x71 build\gcc\obj/custom/device_info.o
 .comment       0x00000000       0x71 build\gcc\obj/custom/main.o
 .comment       0x00000000       0x71 build\gcc\obj/custom/proc_mqtt_task.o
 .comment       0x00000000       0x71 build\gcc\obj/custom/proc_nfc_task.o
 .comment       0x00000000       0x71 build\gcc\obj/drivers/nfc/si522.o
 .comment       0x00000000       0x71 libs/gcc/app_start.lib(gpio.o)
 .comment       0x00000000       0x71 libs/gcc/app_start.lib(memory.o)
 .comment       0x00000000       0x71 libs/gcc/app_start.lib(power.o)
 .comment       0x00000000       0x71 libs/gcc/app_start.lib(pwm.o)
 .comment       0x00000000       0x71 libs/gcc/app_start.lib(ql_func.o)
 .comment       0x00000000       0x71 libs/gcc/app_start.lib(ql_main.o)
 .comment       0x00000000       0x71 libs/gcc/app_start.lib(ril_aux.o)
 .comment       0x00000000       0x71 libs/gcc/app_start.lib(ril_main.o)
 .comment       0x00000000       0x71 libs/gcc/app_start.lib(rtc.o)
 .comment       0x00000000       0x71 libs/gcc/app_start.lib(spi.o)
 .comment       0x00000000       0x71 libs/gcc/app_start.lib(stdlib_func.o)
 .comment       0x00000000       0x71 libs/gcc/app_start.lib(system.o)
 .comment       0x00000000       0x71 libs/gcc/app_start.lib(taskMngt.o)
 .comment       0x00000000       0x71 libs/gcc/app_start.lib(time.o)
 .comment       0x00000000       0x71 libs/gcc/app_start.lib(timer.o)
 .comment       0x00000000       0x71 libs/gcc/app_start.lib(uart.o)

.ARM.attributes
                0x00000000       0x37
 .ARM.attributes
                0x00000000       0x39 build\gcc\obj/custom/config/custom_sys_cfg.o
 .ARM.attributes
                0x00000039       0x39 build\gcc\obj/custom/config/sys_config.o
 .ARM.attributes
                0x00000072       0x39 build\gcc\obj/ril/src/ril_atResponse.o
 .ARM.attributes
                0x000000ab       0x39 build\gcc\obj/ril/src/ril_dfota.o
 .ARM.attributes
                0x000000e4       0x39 build\gcc\obj/ril/src/ril_init.o
 .ARM.attributes
                0x0000011d       0x39 build\gcc\obj/ril/src/ril_lwm2m.o
 .ARM.attributes
                0x00000156       0x39 build\gcc\obj/ril/src/ril_mqtt.o
 .ARM.attributes
                0x0000018f       0x39 build\gcc\obj/ril/src/ril_network.o
 .ARM.attributes
                0x000001c8       0x39 build\gcc\obj/ril/src/ril_onenet.o
 .ARM.attributes
                0x00000201       0x39 build\gcc\obj/ril/src/ril_socket.o
 .ARM.attributes
                0x0000023a       0x39 build\gcc\obj/ril/src/ril_system.o
 .ARM.attributes
                0x00000273       0x39 build\gcc\obj/ril/src/ril_urc.o
 .ARM.attributes
                0x000002ac       0x39 build\gcc\obj/ril/src/ril_util.o
 .ARM.attributes
                0x000002e5       0x39 build\gcc\obj/custom/at_command_mtcfg.o
 .ARM.attributes
                0x0000031e       0x39 build\gcc\obj/custom/at_command_mtpub.o
 .ARM.attributes
                0x00000357       0x39 build\gcc\obj/custom/at_command_mtsub.o
 .ARM.attributes
                0x00000390       0x39 build\gcc\obj/custom/at_command_nbreset.o
 .ARM.attributes
                0x000003c9       0x39 build\gcc\obj/custom/at_command_reboot.o
 .ARM.attributes
                0x00000402       0x39 build\gcc\obj/custom/at_command_ttdebug.o
 .ARM.attributes
                0x0000043b       0x39 build\gcc\obj/custom/at_command_ttdevice.o
 .ARM.attributes
                0x00000474       0x39 build\gcc\obj/custom/at_command_ttvolume.o
 .ARM.attributes
                0x000004ad       0x39 build\gcc\obj/custom/atci.o
 .ARM.attributes
                0x000004e6       0x39 build\gcc\obj/custom/atci_handler.o
 .ARM.attributes
                0x0000051f       0x39 build\gcc\obj/custom/atci_main.o
 .ARM.attributes
                0x00000558       0x39 build\gcc\obj/custom/base64.o
 .ARM.attributes
                0x00000591       0x39 build\gcc\obj/custom/crc16.o
 .ARM.attributes
                0x000005ca       0x39 build\gcc\obj/custom/device_info.o
 .ARM.attributes
                0x00000603       0x39 build\gcc\obj/custom/main.o
 .ARM.attributes
                0x0000063c       0x39 build\gcc\obj/custom/proc_mqtt_task.o
 .ARM.attributes
                0x00000675       0x39 build\gcc\obj/custom/proc_nfc_task.o
 .ARM.attributes
                0x000006ae       0x39 build\gcc\obj/drivers/nfc/si522.o
 .ARM.attributes
                0x000006e7       0x39 libs/gcc/app_start.lib(gpio.o)
 .ARM.attributes
                0x00000720       0x39 libs/gcc/app_start.lib(memory.o)
 .ARM.attributes
                0x00000759       0x39 libs/gcc/app_start.lib(power.o)
 .ARM.attributes
                0x00000792       0x39 libs/gcc/app_start.lib(pwm.o)
 .ARM.attributes
                0x000007cb       0x39 libs/gcc/app_start.lib(ql_func.o)
 .ARM.attributes
                0x00000804       0x39 libs/gcc/app_start.lib(ql_main.o)
 .ARM.attributes
                0x0000083d       0x39 libs/gcc/app_start.lib(ril_aux.o)
 .ARM.attributes
                0x00000876       0x39 libs/gcc/app_start.lib(ril_main.o)
 .ARM.attributes
                0x000008af       0x39 libs/gcc/app_start.lib(rtc.o)
 .ARM.attributes
                0x000008e8       0x39 libs/gcc/app_start.lib(spi.o)
 .ARM.attributes
                0x00000921       0x39 libs/gcc/app_start.lib(stdlib_func.o)
 .ARM.attributes
                0x0000095a       0x39 libs/gcc/app_start.lib(system.o)
 .ARM.attributes
                0x00000993       0x39 libs/gcc/app_start.lib(taskMngt.o)
 .ARM.attributes
                0x000009cc       0x39 libs/gcc/app_start.lib(time.o)
 .ARM.attributes
                0x00000a05       0x39 libs/gcc/app_start.lib(timer.o)
 .ARM.attributes
                0x00000a3e       0x39 libs/gcc/app_start.lib(uart.o)
 .ARM.attributes
                0x00000a77       0x21 libs/gcc/app_start.lib(ocpu_init.o)
 .ARM.attributes
                0x00000a98       0x34 tools\gcc\win\gcc-arm-none-eabi/arm-none-eabi/lib/armv7e-m/fpu/libc.a(lib_a-atoi.o)
 .ARM.attributes
                0x00000acc       0x20 tools\gcc\win\gcc-arm-none-eabi/arm-none-eabi/lib/armv7e-m/fpu/libc.a(lib_a-memcpy.o)
 .ARM.attributes
                0x00000aec       0x34 tools\gcc\win\gcc-arm-none-eabi/arm-none-eabi/lib/armv7e-m/fpu/libc.a(lib_a-memset.o)
 .ARM.attributes
                0x00000b20       0x34 tools\gcc\win\gcc-arm-none-eabi/arm-none-eabi/lib/armv7e-m/fpu/libc.a(lib_a-strchr.o)
 .ARM.attributes
                0x00000b54       0x34 tools\gcc\win\gcc-arm-none-eabi/arm-none-eabi/lib/armv7e-m/fpu/libc.a(lib_a-strcpy.o)
 .ARM.attributes
                0x00000b88       0x34 tools\gcc\win\gcc-arm-none-eabi/arm-none-eabi/lib/armv7e-m/fpu/libc.a(lib_a-strlen.o)
 .ARM.attributes
                0x00000bbc       0x34 tools\gcc\win\gcc-arm-none-eabi/arm-none-eabi/lib/armv7e-m/fpu/libc.a(lib_a-strncpy.o)
 .ARM.attributes
                0x00000bf0       0x34 tools\gcc\win\gcc-arm-none-eabi/arm-none-eabi/lib/armv7e-m/fpu/libc.a(lib_a-strsep.o)
 .ARM.attributes
                0x00000c24       0x34 tools\gcc\win\gcc-arm-none-eabi/arm-none-eabi/lib/armv7e-m/fpu/libc.a(lib_a-strtok.o)
 .ARM.attributes
                0x00000c58       0x34 tools\gcc\win\gcc-arm-none-eabi/arm-none-eabi/lib/armv7e-m/fpu/libc.a(lib_a-strtok_r.o)
 .ARM.attributes
                0x00000c8c       0x34 tools\gcc\win\gcc-arm-none-eabi/arm-none-eabi/lib/armv7e-m/fpu/libc.a(lib_a-strtol.o)
 .ARM.attributes
                0x00000cc0       0x34 tools\gcc\win\gcc-arm-none-eabi/arm-none-eabi/lib/armv7e-m/fpu/libc.a(lib_a-ctype_.o)
 .ARM.attributes
                0x00000cf4       0x34 tools\gcc\win\gcc-arm-none-eabi/arm-none-eabi/lib/armv7e-m/fpu/libc.a(lib_a-impure.o)

.debug_frame    0x00000000     0x26d0
 .debug_frame   0x00000000       0x20 build\gcc\obj/custom/config/custom_sys_cfg.o
 .debug_frame   0x00000020       0x50 build\gcc\obj/ril/src/ril_atResponse.o
 .debug_frame   0x00000070       0x64 build\gcc\obj/ril/src/ril_dfota.o
 .debug_frame   0x000000d4       0x30 build\gcc\obj/ril/src/ril_init.o
 .debug_frame   0x00000104      0x21c build\gcc\obj/ril/src/ril_lwm2m.o
 .debug_frame   0x00000320      0x1b8 build\gcc\obj/ril/src/ril_mqtt.o
 .debug_frame   0x000004d8       0x6c build\gcc\obj/ril/src/ril_network.o
 .debug_frame   0x00000544      0x24c build\gcc\obj/ril/src/ril_onenet.o
 .debug_frame   0x00000790      0x1a0 build\gcc\obj/ril/src/ril_socket.o
 .debug_frame   0x00000930      0x1d0 build\gcc\obj/ril/src/ril_system.o
 .debug_frame   0x00000b00      0x330 build\gcc\obj/ril/src/ril_urc.o
 .debug_frame   0x00000e30       0xcc build\gcc\obj/ril/src/ril_util.o
 .debug_frame   0x00000efc       0x34 build\gcc\obj/custom/at_command_mtcfg.o
 .debug_frame   0x00000f30       0x30 build\gcc\obj/custom/at_command_mtpub.o
 .debug_frame   0x00000f60       0x30 build\gcc\obj/custom/at_command_mtsub.o
 .debug_frame   0x00000f90       0x30 build\gcc\obj/custom/at_command_nbreset.o
 .debug_frame   0x00000fc0       0x30 build\gcc\obj/custom/at_command_reboot.o
 .debug_frame   0x00000ff0       0x34 build\gcc\obj/custom/at_command_ttdebug.o
 .debug_frame   0x00001024       0x38 build\gcc\obj/custom/at_command_ttdevice.o
 .debug_frame   0x0000105c       0x30 build\gcc\obj/custom/at_command_ttvolume.o
 .debug_frame   0x0000108c       0x54 build\gcc\obj/custom/atci.o
 .debug_frame   0x000010e0       0xc0 build\gcc\obj/custom/atci_handler.o
 .debug_frame   0x000011a0       0xb0 build\gcc\obj/custom/atci_main.o
 .debug_frame   0x00001250       0x50 build\gcc\obj/custom/base64.o
 .debug_frame   0x000012a0       0x2c build\gcc\obj/custom/crc16.o
 .debug_frame   0x000012cc       0x74 build\gcc\obj/custom/device_info.o
 .debug_frame   0x00001340       0xe4 build\gcc\obj/custom/main.o
 .debug_frame   0x00001424       0xec build\gcc\obj/custom/proc_mqtt_task.o
 .debug_frame   0x00001510       0xf4 build\gcc\obj/custom/proc_nfc_task.o
 .debug_frame   0x00001604      0x294 build\gcc\obj/drivers/nfc/si522.o
 .debug_frame   0x00001898       0xd8 libs/gcc/app_start.lib(gpio.o)
 .debug_frame   0x00001970       0x48 libs/gcc/app_start.lib(memory.o)
 .debug_frame   0x000019b8       0x58 libs/gcc/app_start.lib(power.o)
 .debug_frame   0x00001a10       0x70 libs/gcc/app_start.lib(pwm.o)
 .debug_frame   0x00001a80       0xd8 libs/gcc/app_start.lib(ql_func.o)
 .debug_frame   0x00001b58       0x48 libs/gcc/app_start.lib(ql_main.o)
 .debug_frame   0x00001ba0       0x30 libs/gcc/app_start.lib(ril_aux.o)
 .debug_frame   0x00001bd0       0xf8 libs/gcc/app_start.lib(ril_main.o)
 .debug_frame   0x00001cc8       0x88 libs/gcc/app_start.lib(rtc.o)
 .debug_frame   0x00001d50       0xc0 libs/gcc/app_start.lib(spi.o)
 .debug_frame   0x00001e10      0x26c libs/gcc/app_start.lib(stdlib_func.o)
 .debug_frame   0x0000207c       0x7c libs/gcc/app_start.lib(system.o)
 .debug_frame   0x000020f8      0x240 libs/gcc/app_start.lib(taskMngt.o)
 .debug_frame   0x00002338       0x84 libs/gcc/app_start.lib(time.o)
 .debug_frame   0x000023bc       0x8c libs/gcc/app_start.lib(timer.o)
 .debug_frame   0x00002448       0xc8 libs/gcc/app_start.lib(uart.o)
 .debug_frame   0x00002510       0x30 tools\gcc\win\gcc-arm-none-eabi/arm-none-eabi/lib/armv7e-m/fpu/libc.a(lib_a-atoi.o)
 .debug_frame   0x00002540       0x2c tools\gcc\win\gcc-arm-none-eabi/arm-none-eabi/lib/armv7e-m/fpu/libc.a(lib_a-memset.o)
 .debug_frame   0x0000256c       0x2c tools\gcc\win\gcc-arm-none-eabi/arm-none-eabi/lib/armv7e-m/fpu/libc.a(lib_a-strchr.o)
 .debug_frame   0x00002598       0x20 tools\gcc\win\gcc-arm-none-eabi/arm-none-eabi/lib/armv7e-m/fpu/libc.a(lib_a-strcpy.o)
 .debug_frame   0x000025b8       0x20 tools\gcc\win\gcc-arm-none-eabi/arm-none-eabi/lib/armv7e-m/fpu/libc.a(lib_a-strlen.o)
 .debug_frame   0x000025d8       0x2c tools\gcc\win\gcc-arm-none-eabi/arm-none-eabi/lib/armv7e-m/fpu/libc.a(lib_a-strncpy.o)
 .debug_frame   0x00002604       0x20 tools\gcc\win\gcc-arm-none-eabi/arm-none-eabi/lib/armv7e-m/fpu/libc.a(lib_a-strsep.o)
 .debug_frame   0x00002624       0x20 tools\gcc\win\gcc-arm-none-eabi/arm-none-eabi/lib/armv7e-m/fpu/libc.a(lib_a-strtok.o)
 .debug_frame   0x00002644       0x3c tools\gcc\win\gcc-arm-none-eabi/arm-none-eabi/lib/armv7e-m/fpu/libc.a(lib_a-strtok_r.o)
 .debug_frame   0x00002680       0x50 tools\gcc\win\gcc-arm-none-eabi/arm-none-eabi/lib/armv7e-m/fpu/libc.a(lib_a-strtol.o)

.debug_loc      0x00000000     0xd1e4
 .debug_loc     0x00000000      0x134 build\gcc\obj/ril/src/ril_atResponse.o
 .debug_loc     0x00000134      0x129 build\gcc\obj/ril/src/ril_dfota.o
 .debug_loc     0x0000025d      0xcfe build\gcc\obj/ril/src/ril_lwm2m.o
 .debug_loc     0x00000f5b      0x740 build\gcc\obj/ril/src/ril_mqtt.o
 .debug_loc     0x0000169b      0x270 build\gcc\obj/ril/src/ril_network.o
 .debug_loc     0x0000190b      0xe98 build\gcc\obj/ril/src/ril_onenet.o
 .debug_loc     0x000027a3      0xc4a build\gcc\obj/ril/src/ril_socket.o
 .debug_loc     0x000033ed     0x13ec build\gcc\obj/ril/src/ril_system.o
 .debug_loc     0x000047d9     0x13db build\gcc\obj/ril/src/ril_urc.o
 .debug_loc     0x00005bb4      0x6fc build\gcc\obj/ril/src/ril_util.o
 .debug_loc     0x000062b0       0x90 build\gcc\obj/custom/at_command_mtcfg.o
 .debug_loc     0x00006340       0x6c build\gcc\obj/custom/at_command_mtpub.o
 .debug_loc     0x000063ac       0x6d build\gcc\obj/custom/at_command_mtsub.o
 .debug_loc     0x00006419       0x59 build\gcc\obj/custom/at_command_nbreset.o
 .debug_loc     0x00006472       0x72 build\gcc\obj/custom/at_command_reboot.o
 .debug_loc     0x000064e4       0x6c build\gcc\obj/custom/at_command_ttdebug.o
 .debug_loc     0x00006550       0x6c build\gcc\obj/custom/at_command_ttdevice.o
 .debug_loc     0x000065bc       0x6c build\gcc\obj/custom/at_command_ttvolume.o
 .debug_loc     0x00006628      0x2d9 build\gcc\obj/custom/atci.o
 .debug_loc     0x00006901      0xbe1 build\gcc\obj/custom/atci_handler.o
 .debug_loc     0x000074e2      0x44c build\gcc\obj/custom/atci_main.o
 .debug_loc     0x0000792e      0x430 build\gcc\obj/custom/base64.o
 .debug_loc     0x00007d5e       0xac build\gcc\obj/custom/crc16.o
 .debug_loc     0x00007e0a      0x12a build\gcc\obj/custom/device_info.o
 .debug_loc     0x00007f34      0x46b build\gcc\obj/custom/main.o
 .debug_loc     0x0000839f      0x461 build\gcc\obj/custom/proc_mqtt_task.o
 .debug_loc     0x00008800      0x398 build\gcc\obj/custom/proc_nfc_task.o
 .debug_loc     0x00008b98      0xb3b build\gcc\obj/drivers/nfc/si522.o
 .debug_loc     0x000096d3      0x35f libs/gcc/app_start.lib(gpio.o)
 .debug_loc     0x00009a32       0xdf libs/gcc/app_start.lib(memory.o)
 .debug_loc     0x00009b11       0xba libs/gcc/app_start.lib(power.o)
 .debug_loc     0x00009bcb      0x1cc libs/gcc/app_start.lib(pwm.o)